
**** Build of configuration Debug for project software_prj ****

Nothing to build for project software_prj
08:43:46 **** Clean-only build of configuration Debug for project software_prj ****
make clean 
rm -rf  ./src/AXI_Exerciser.o ./src/AXI_monitor.o ./src/axi_interrupt.o ./src/cf_hdmi.o ./src/img_filters.o ./src/main.o ./src/transmitter.o  ./inc/xconvert_to_gray.o ./inc/ximage_filter.o ./inc/xsobel_filter.o  ./src/AXI_Exerciser.d ./src/AXI_monitor.d ./src/axi_interrupt.d ./src/cf_hdmi.d ./src/img_filters.d ./src/main.d ./src/transmitter.d  ./inc/xconvert_to_gray.d ./inc/ximage_filter.d ./inc/xsobel_filter.d  software_prj.elf.size  software_prj.elf
 
08:43:46 **** Auto Build of configuration Debug for project software_prj ****
make all 
Building file: ../src/AXI_Exerciser.c
Invoking: ARM gcc compiler
arm-xilinx-eabi-gcc -Wall -O0 -g3 -I/home/ga46sam/zync_work/Performances/opencv_install -I"/home/ga46sam/Lab_Zynq/FROM_server/Project1_Optimized/SDK/SDK_Workspace/software_prj/inc" -c -fmessage-length=0 -I../../standalone_bsp_0/ps7_cortexa9_0/include -MMD -MP -MF"src/AXI_Exerciser.d" -MT"src/AXI_Exerciser.d" -o "src/AXI_Exerciser.o" "../src/AXI_Exerciser.c"
../src/AXI_Exerciser.c:9:23: fatal error: xil_types.h: No such file or directory
compilation terminated.
make: *** [src/AXI_Exerciser.o] Error 1
08:43:58 **** Build of project standalone_bsp_0 ****
make -k all 
libgen -hw ../Project1_Optimized_hw_platform/system.xml\
	       \
	       -pe ps7_cortexa9_0 \
	       -log libgen.log \
	       system.mss
libgen
Xilinx EDK 14.7 Build EDK_P.20131013
Copyright (c) 1995-2012 Xilinx, Inc.  All rights reserved.

Command Line: libgen -hw ../Project1_Optimized_hw_platform/system.xml -pe
ps7_cortexa9_0 -log libgen.log system.mss 


Staging source files.
Running DRCs.
Running generate.
Running post_generate.
Running include - 'gmake -s include "COMPILER=arm-xilinx-eabi-gcc"
"ARCHIVER=arm-xilinx-eabi-ar" "COMPILER_FLAGS= -O2 -c"
"EXTRA_COMPILER_FLAGS=-g"'.

Running libs - 'gmake -s libs "COMPILER=arm-xilinx-eabi-gcc"
"ARCHIVER=arm-xilinx-eabi-ar" "COMPILER_FLAGS= -O2 -c"
"EXTRA_COMPILER_FLAGS=-g"'.
Compiling common
arm-xilinx-eabi-ar: creating ../../../lib/libxil.a
Compiling standalone
Compiling axidma
Compiling iic
Compiling axivdma
Compiling devcfg
Compiling dmaps
Compiling emacps
Compiling gpiops
Compiling iicps
Compiling qspips
Compiling scugic
Compiling scutimer
Compiling scuwdt
Compiling ttcps
Compiling uartps
Compiling usbps
Compiling xadcps
Compiling cpu_cortexa9
Running execs_generate.
Finished building libraries
08:44:27 **** Auto Build of configuration Debug for project software_prj ****
make all 
Building file: ../src/AXI_Exerciser.c
Invoking: ARM gcc compiler
arm-xilinx-eabi-gcc -Wall -O0 -g3 -I/home/ga46sam/zync_work/Performances/opencv_install -I"/home/ga46sam/Lab_Zynq/FROM_server/Project1_Optimized/SDK/SDK_Workspace/software_prj/inc" -c -fmessage-length=0 -I../../standalone_bsp_0/ps7_cortexa9_0/include -MMD -MP -MF"src/AXI_Exerciser.d" -MT"src/AXI_Exerciser.d" -o "src/AXI_Exerciser.o" "../src/AXI_Exerciser.c"
../src/AXI_Exerciser.c: In function 'AXI_Exerciser_clear':
../src/AXI_Exerciser.c:128:35: error: 'XPAR_AXI_EXERCISER_0_BASEADDR' undeclared (first use in this function)
../src/AXI_Exerciser.c:128:35: note: each undeclared identifier is reported only once for each function it appears in
../src/AXI_Exerciser.c:128:6: warning: implicit declaration of function 'Xil_In32' [-Wimplicit-function-declaration]
../src/AXI_Exerciser.c: In function 'mem_clean':
../src/AXI_Exerciser.c:164:3: warning: implicit declaration of function 'Xil_Out32' [-Wimplicit-function-declaration]
make: *** [src/AXI_Exerciser.o] Error 1
08:45:10 **** Clean-only build of configuration Debug for project software_prj ****
make clean 
rm -rf  ./src/AXI_Exerciser.o ./src/AXI_monitor.o ./src/axi_interrupt.o ./src/cf_hdmi.o ./src/img_filters.o ./src/main.o ./src/transmitter.o  ./inc/xconvert_to_gray.o ./inc/ximage_filter.o ./inc/xsobel_filter.o  ./src/AXI_Exerciser.d ./src/AXI_monitor.d ./src/axi_interrupt.d ./src/cf_hdmi.d ./src/img_filters.d ./src/main.d ./src/transmitter.d  ./inc/xconvert_to_gray.d ./inc/ximage_filter.d ./inc/xsobel_filter.d  software_prj.elf.size  software_prj.elf
 
08:45:10 **** Auto Build of configuration Debug for project software_prj ****
make all 
Building file: ../src/AXI_monitor.c
Invoking: ARM gcc compiler
arm-xilinx-eabi-gcc -Wall -O0 -g3 -I/home/ga46sam/zync_work/Performances/opencv_install -I"/home/ga46sam/Lab_Zynq/FROM_server/Project1_Optimized/SDK/SDK_Workspace/software_prj/inc" -c -fmessage-length=0 -I../../standalone_bsp_0/ps7_cortexa9_0/include -MMD -MP -MF"src/AXI_monitor.d" -MT"src/AXI_monitor.d" -o "src/AXI_monitor.o" "../src/AXI_monitor.c"
../src/AXI_monitor.c: In function 'AXI_monitor_configWR':
../src/AXI_monitor.c:16:1: warning: implicit declaration of function 'printf' [-Wimplicit-function-declaration]
../src/AXI_monitor.c:16:1: warning: incompatible implicit declaration of built-in function 'printf' [enabled by default]
../src/AXI_monitor.c:17:1: warning: implicit declaration of function 'Xil_Out32' [-Wimplicit-function-declaration]
../src/AXI_monitor.c:17:11: error: 'XPAR_AXI_PERF_MON_0_BASEADDR' undeclared (first use in this function)
../src/AXI_monitor.c:17:11: note: each undeclared identifier is reported only once for each function it appears in
../src/AXI_monitor.c: In function 'AXI_monitor_configRD':
../src/AXI_monitor.c:35:2: warning: incompatible implicit declaration of built-in function 'printf' [enabled by default]
../src/AXI_monitor.c:36:12: error: 'XPAR_AXI_PERF_MON_0_BASEADDR' undeclared (first use in this function)
../src/AXI_monitor.c: In function 'AXI_monitor_reset':
../src/AXI_monitor.c:49:14: error: 'XPAR_AXI_PERF_MON_0_BASEADDR' undeclared (first use in this function)
../src/AXI_monitor.c: In function 'AXI_monitor_stop':
../src/AXI_monitor.c:58:13: error: 'XPAR_AXI_PERF_MON_0_BASEADDR' undeclared (first use in this function)
../src/AXI_monitor.c: In function 'AXI_monitor_result':
../src/AXI_monitor.c:68:3: warning: implicit declaration of function 'xil_printf' [-Wimplicit-function-declaration]
../src/AXI_monitor.c:69:3: warning: incompatible implicit declaration of built-in function 'printf' [enabled by default]
../src/AXI_monitor.c:69:3: warning: implicit declaration of function 'Xil_In32' [-Wimplicit-function-declaration]
../src/AXI_monitor.c:69:58: error: 'XPAR_AXI_PERF_MON_0_BASEADDR' undeclared (first use in this function)
../src/AXI_monitor.c:76:4: warning: implicit declaration of function 'strcmp' [-Wimplicit-function-declaration]
../src/AXI_monitor.c: At top level:
../src/AXI_monitor.c:9:6: warning: array 'mode' assumed to have one element [enabled by default]
make: *** [src/AXI_monitor.o] Error 1
08:45:19 **** Clean-only build of configuration Debug for project software_prj ****
make clean 
rm -rf  ./src/AXI_monitor.o ./src/axi_interrupt.o ./src/cf_hdmi.o ./src/img_filters.o ./src/main.o ./src/transmitter.o  ./inc/xconvert_to_gray.o ./inc/ximage_filter.o ./inc/xsobel_filter.o  ./src/AXI_monitor.d ./src/axi_interrupt.d ./src/cf_hdmi.d ./src/img_filters.d ./src/main.d ./src/transmitter.d  ./inc/xconvert_to_gray.d ./inc/ximage_filter.d ./inc/xsobel_filter.d  software_prj.elf.size  software_prj.elf
 
08:45:19 **** Auto Build of configuration Debug for project software_prj ****
make all 
Building file: ../src/axi_interrupt.c
Invoking: ARM gcc compiler
arm-xilinx-eabi-gcc -Wall -O0 -g3 -I/home/ga46sam/zync_work/Performances/opencv_install -I"/home/ga46sam/Lab_Zynq/FROM_server/Project1_Optimized/SDK/SDK_Workspace/software_prj/inc" -c -fmessage-length=0 -I../../standalone_bsp_0/ps7_cortexa9_0/include -MMD -MP -MF"src/axi_interrupt.d" -MT"src/axi_interrupt.d" -o "src/axi_interrupt.o" "../src/axi_interrupt.c"
../src/axi_interrupt.c: In function 'AXI_INTERRUPT_VsyncIntr_Handler':
../src/axi_interrupt.c:60:11: warning: variable 'baseaddr' set but not used [-Wunused-but-set-variable]
Finished building: ../src/axi_interrupt.c
 
Building file: ../src/cf_hdmi.c
Invoking: ARM gcc compiler
arm-xilinx-eabi-gcc -Wall -O0 -g3 -I/home/ga46sam/zync_work/Performances/opencv_install -I"/home/ga46sam/Lab_Zynq/FROM_server/Project1_Optimized/SDK/SDK_Workspace/software_prj/inc" -c -fmessage-length=0 -I../../standalone_bsp_0/ps7_cortexa9_0/include -MMD -MP -MF"src/cf_hdmi.d" -MT"src/cf_hdmi.d" -o "src/cf_hdmi.o" "../src/cf_hdmi.c"
../src/cf_hdmi.c: In function 'DDRVideoWr':
../src/cf_hdmi.c:112:15: warning: unused variable 'overhead' [-Wunused-variable]
../src/cf_hdmi.c:110:16: warning: unused variable 'VH_offset' [-Wunused-variable]
../src/cf_hdmi.c:109:14: warning: unused variable 't' [-Wunused-variable]
../src/cf_hdmi.c: In function 'ConvToGray':
../src/cf_hdmi.c:212:16: warning: unused variable 'VH_offset' [-Wunused-variable]
In file included from ../src/cf_hdmi.c:48:0:
../src/cf_hdmi.c: At top level:
../src/cf_hdmi_demo.h:42:12: warning: 'IMG_DATA' defined but not used [-Wunused-variable]
Finished building: ../src/cf_hdmi.c
 
Building file: ../src/img_filters.c
Invoking: ARM gcc compiler
arm-xilinx-eabi-gcc -Wall -O0 -g3 -I/home/ga46sam/zync_work/Performances/opencv_install -I"/home/ga46sam/Lab_Zynq/FROM_server/Project1_Optimized/SDK/SDK_Workspace/software_prj/inc" -c -fmessage-length=0 -I../../standalone_bsp_0/ps7_cortexa9_0/include -MMD -MP -MF"src/img_filters.d" -MT"src/img_filters.d" -o "src/img_filters.o" "../src/img_filters.c"
Finished building: ../src/img_filters.c
 
Building file: ../src/main.c
Invoking: ARM gcc compiler
arm-xilinx-eabi-gcc -Wall -O0 -g3 -I/home/ga46sam/zync_work/Performances/opencv_install -I"/home/ga46sam/Lab_Zynq/FROM_server/Project1_Optimized/SDK/SDK_Workspace/software_prj/inc" -c -fmessage-length=0 -I../../standalone_bsp_0/ps7_cortexa9_0/include -MMD -MP -MF"src/main.d" -MT"src/main.d" -o "src/main.o" "../src/main.c"
../src/main.c:67:13: warning: 'Ex_config' initialized and declared 'extern' [enabled by default]
../src/main.c: In function 'configureFilterVDMA':
../src/main.c:238:19: error: 'XPAR_AXI_VDMA_1_BASEADDR' undeclared (first use in this function)
../src/main.c:238:19: note: each undeclared identifier is reported only once for each function it appears in
../src/main.c: In function 'readConfigurationVDMA':
../src/main.c:300:20: error: 'XPAR_AXI_VDMA_1_BASEADDR' undeclared (first use in this function)
../src/main.c: In function 'resetVDMA':
../src/main.c:354:20: error: 'XPAR_AXI_VDMA_1_BASEADDR' undeclared (first use in this function)
../src/main.c: In function 'APP_ChangeResolution':
../src/main.c:556:8: warning: implicit declaration of function 'AXI_Exerciser_config' [-Wimplicit-function-declaration]
../src/main.c:556:29: error: 'XPAR_AXI_EXERCISER_0_BASEADDR' undeclared (first use in this function)
../src/main.c:568:12: warning: implicit declaration of function 'AXI_monitor_configWR' [-Wimplicit-function-declaration]
../src/main.c:571:9: warning: implicit declaration of function 'AXI_monitor_configRD' [-Wimplicit-function-declaration]
../src/main.c:575:11: warning: implicit declaration of function 'AXI_Exerciser_start1' [-Wimplicit-function-declaration]
../src/main.c:578:11: warning: implicit declaration of function 'AXI_Exerciser_stop' [-Wimplicit-function-declaration]
../src/main.c: In function 'main':
../src/main.c:707:3: warning: implicit declaration of function 'AXI_monitor_reset' [-Wimplicit-function-declaration]
../src/main.c:712:24: error: 'XPAR_AXI_EXERCISER_0_BASEADDR' undeclared (first use in this function)
../src/main.c:720:5: warning: implicit declaration of function 'AXI_monitor_stop' [-Wimplicit-function-declaration]
make: *** [src/main.o] Error 1
08:45:28 **** Auto Build of configuration Debug for project software_prj ****
make all 
Building file: ../src/main.c
Invoking: ARM gcc compiler
arm-xilinx-eabi-gcc -Wall -O0 -g3 -I/home/ga46sam/zync_work/Performances/opencv_install -I"/home/ga46sam/Lab_Zynq/FROM_server/Project1_Optimized/SDK/SDK_Workspace/software_prj/inc" -c -fmessage-length=0 -I../../standalone_bsp_0/ps7_cortexa9_0/include -MMD -MP -MF"src/main.d" -MT"src/main.d" -o "src/main.o" "../src/main.c"
../src/main.c:67:13: warning: 'Ex_config' initialized and declared 'extern' [enabled by default]
../src/main.c: In function 'configureFilterVDMA':
../src/main.c:238:19: error: 'XPAR_AXI_VDMA_1_BASEADDR' undeclared (first use in this function)
../src/main.c:238:19: note: each undeclared identifier is reported only once for each function it appears in
../src/main.c: In function 'readConfigurationVDMA':
../src/main.c:300:20: error: 'XPAR_AXI_VDMA_1_BASEADDR' undeclared (first use in this function)
../src/main.c: In function 'resetVDMA':
../src/main.c:354:20: error: 'XPAR_AXI_VDMA_1_BASEADDR' undeclared (first use in this function)
../src/main.c: In function 'APP_ChangeResolution':
../src/main.c:556:8: warning: implicit declaration of function 'AXI_Exerciser_config' [-Wimplicit-function-declaration]
../src/main.c:556:29: error: 'XPAR_AXI_EXERCISER_0_BASEADDR' undeclared (first use in this function)
../src/main.c:568:12: warning: implicit declaration of function 'AXI_monitor_configWR' [-Wimplicit-function-declaration]
../src/main.c:571:9: warning: implicit declaration of function 'AXI_monitor_configRD' [-Wimplicit-function-declaration]
../src/main.c:575:11: warning: implicit declaration of function 'AXI_Exerciser_start1' [-Wimplicit-function-declaration]
../src/main.c:578:11: warning: implicit declaration of function 'AXI_Exerciser_stop' [-Wimplicit-function-declaration]
../src/main.c: In function 'main':
../src/main.c:707:3: warning: implicit declaration of function 'AXI_monitor_reset' [-Wimplicit-function-declaration]
../src/main.c:720:5: warning: implicit declaration of function 'AXI_monitor_stop' [-Wimplicit-function-declaration]
make: *** [src/main.o] Error 1
08:45:43 **** Auto Build of configuration Debug for project software_prj ****
make all 
Building file: ../src/main.c
Invoking: ARM gcc compiler
arm-xilinx-eabi-gcc -Wall -O0 -g3 -I/home/ga46sam/zync_work/Performances/opencv_install -I"/home/ga46sam/Lab_Zynq/FROM_server/Project1_Optimized/SDK/SDK_Workspace/software_prj/inc" -c -fmessage-length=0 -I../../standalone_bsp_0/ps7_cortexa9_0/include -MMD -MP -MF"src/main.d" -MT"src/main.d" -o "src/main.o" "../src/main.c"
../src/main.c:67:13: warning: 'Ex_config' initialized and declared 'extern' [enabled by default]
../src/main.c: In function 'configureFilterVDMA':
../src/main.c:238:19: error: 'XPAR_AXI_VDMA_1_BASEADDR' undeclared (first use in this function)
../src/main.c:238:19: note: each undeclared identifier is reported only once for each function it appears in
../src/main.c: In function 'readConfigurationVDMA':
../src/main.c:300:20: error: 'XPAR_AXI_VDMA_1_BASEADDR' undeclared (first use in this function)
../src/main.c: In function 'resetVDMA':
../src/main.c:354:20: error: 'XPAR_AXI_VDMA_1_BASEADDR' undeclared (first use in this function)
../src/main.c: In function 'main':
../src/main.c:708:3: warning: implicit declaration of function 'AXI_monitor_reset' [-Wimplicit-function-declaration]
../src/main.c:721:5: warning: implicit declaration of function 'AXI_monitor_stop' [-Wimplicit-function-declaration]
make: *** [src/main.o] Error 1
08:47:00 **** Auto Build of configuration Debug for project software_prj ****
make all 
Building file: ../src/main.c
Invoking: ARM gcc compiler
arm-xilinx-eabi-gcc -Wall -O0 -g3 -I/home/ga46sam/zync_work/Performances/opencv_install -I"/home/ga46sam/Lab_Zynq/FROM_server/Project1_Optimized/SDK/SDK_Workspace/software_prj/inc" -c -fmessage-length=0 -I../../standalone_bsp_0/ps7_cortexa9_0/include -MMD -MP -MF"src/main.d" -MT"src/main.d" -o "src/main.o" "../src/main.c"
../src/main.c:67:13: warning: 'Ex_config' initialized and declared 'extern' [enabled by default]
../src/main.c: In function 'configureFilterVDMA':
../src/main.c:241:2: error: 'else' without a previous 'if'
../src/main.c: In function 'readConfigurationVDMA':
../src/main.c:301:20: error: 'XPAR_AXI_VDMA_1_BASEADDR' undeclared (first use in this function)
../src/main.c:301:20: note: each undeclared identifier is reported only once for each function it appears in
../src/main.c: In function 'resetVDMA':
../src/main.c:355:20: error: 'XPAR_AXI_VDMA_1_BASEADDR' undeclared (first use in this function)
../src/main.c: In function 'main':
../src/main.c:709:3: warning: implicit declaration of function 'AXI_monitor_reset' [-Wimplicit-function-declaration]
../src/main.c:722:5: warning: implicit declaration of function 'AXI_monitor_stop' [-Wimplicit-function-declaration]
make: *** [src/main.o] Error 1
08:47:39 **** Auto Build of configuration Debug for project software_prj ****
make all 
Building file: ../src/main.c
Invoking: ARM gcc compiler
arm-xilinx-eabi-gcc -Wall -O0 -g3 -I/home/ga46sam/zync_work/Performances/opencv_install -I"/home/ga46sam/Lab_Zynq/FROM_server/Project1_Optimized/SDK/SDK_Workspace/software_prj/inc" -c -fmessage-length=0 -I../../standalone_bsp_0/ps7_cortexa9_0/include -MMD -MP -MF"src/main.d" -MT"src/main.d" -o "src/main.o" "../src/main.c"
../src/main.c:67:13: warning: 'Ex_config' initialized and declared 'extern' [enabled by default]
../src/main.c: In function 'configureFilterVDMA':
../src/main.c:247:3: error: #endif without #if
../src/main.c: In function 'readConfigurationVDMA':
../src/main.c:305:20: error: 'XPAR_AXI_VDMA_1_BASEADDR' undeclared (first use in this function)
../src/main.c:305:20: note: each undeclared identifier is reported only once for each function it appears in
../src/main.c: In function 'resetVDMA':
../src/main.c:359:20: error: 'XPAR_AXI_VDMA_1_BASEADDR' undeclared (first use in this function)
../src/main.c: In function 'main':
../src/main.c:713:3: warning: implicit declaration of function 'AXI_monitor_reset' [-Wimplicit-function-declaration]
../src/main.c:726:5: warning: implicit declaration of function 'AXI_monitor_stop' [-Wimplicit-function-declaration]
make: *** [src/main.o] Error 1
08:47:47 **** Auto Build of configuration Debug for project software_prj ****
make all 
Building file: ../src/main.c
Invoking: ARM gcc compiler
arm-xilinx-eabi-gcc -Wall -O0 -g3 -I/home/ga46sam/zync_work/Performances/opencv_install -I"/home/ga46sam/Lab_Zynq/FROM_server/Project1_Optimized/SDK/SDK_Workspace/software_prj/inc" -c -fmessage-length=0 -I../../standalone_bsp_0/ps7_cortexa9_0/include -MMD -MP -MF"src/main.d" -MT"src/main.d" -o "src/main.o" "../src/main.c"
../src/main.c:67:13: warning: 'Ex_config' initialized and declared 'extern' [enabled by default]
../src/main.c: In function 'readConfigurationVDMA':
../src/main.c:304:20: error: 'XPAR_AXI_VDMA_1_BASEADDR' undeclared (first use in this function)
../src/main.c:304:20: note: each undeclared identifier is reported only once for each function it appears in
../src/main.c: In function 'resetVDMA':
../src/main.c:358:20: error: 'XPAR_AXI_VDMA_1_BASEADDR' undeclared (first use in this function)
../src/main.c: In function 'main':
../src/main.c:712:3: warning: implicit declaration of function 'AXI_monitor_reset' [-Wimplicit-function-declaration]
../src/main.c:725:5: warning: implicit declaration of function 'AXI_monitor_stop' [-Wimplicit-function-declaration]
make: *** [src/main.o] Error 1
08:48:24 **** Auto Build of configuration Debug for project software_prj ****
make all 
Building file: ../src/main.c
Invoking: ARM gcc compiler
arm-xilinx-eabi-gcc -Wall -O0 -g3 -I/home/ga46sam/zync_work/Performances/opencv_install -I"/home/ga46sam/Lab_Zynq/FROM_server/Project1_Optimized/SDK/SDK_Workspace/software_prj/inc" -c -fmessage-length=0 -I../../standalone_bsp_0/ps7_cortexa9_0/include -MMD -MP -MF"src/main.d" -MT"src/main.d" -o "src/main.o" "../src/main.c"
../src/main.c:67:13: warning: 'Ex_config' initialized and declared 'extern' [enabled by default]
../src/main.c: In function 'readConfigurationVDMA':
../src/main.c:301:6: warning: variable 'VDMA_BASEADDR' set but not used [-Wunused-but-set-variable]
../src/main.c: At top level:
../src/main.c:313:3: error: expected identifier or '(' before 'else'
../src/main.c:315:14: error: expected declaration specifiers or '...' before string constant
../src/main.c:315:45: error: expected identifier or '(' before '}' token
../src/main.c:319:13: error: expected declaration specifiers or '...' before string constant
../src/main.c:319:45: error: expected declaration specifiers or '...' before 'Xil_In32'
../src/main.c:320:13: error: expected declaration specifiers or '...' before string constant
../src/main.c:320:45: error: expected declaration specifiers or '...' before 'Xil_In32'
../src/main.c:321:13: error: expected declaration specifiers or '...' before string constant
../src/main.c:321:45: error: expected declaration specifiers or '...' before 'Xil_In32'
../src/main.c:322:13: error: expected declaration specifiers or '...' before string constant
../src/main.c:322:45: error: expected declaration specifiers or '...' before 'Xil_In32'
../src/main.c:323:13: error: expected declaration specifiers or '...' before string constant
../src/main.c:323:45: error: expected declaration specifiers or '...' before 'Xil_In32'
../src/main.c:324:13: error: expected declaration specifiers or '...' before string constant
../src/main.c:324:52: error: expected declaration specifiers or '...' before 'Xil_In32'
../src/main.c:325:13: error: expected declaration specifiers or '...' before string constant
../src/main.c:325:44: error: expected declaration specifiers or '...' before 'Xil_In32'
../src/main.c:326:13: error: expected declaration specifiers or '...' before string constant
../src/main.c:326:44: error: expected declaration specifiers or '...' before 'Xil_In32'
../src/main.c:328:13: error: expected declaration specifiers or '...' before string constant
../src/main.c:328:43: error: expected declaration specifiers or '...' before 'Xil_In32'
../src/main.c:329:13: error: expected declaration specifiers or '...' before string constant
../src/main.c:329:45: error: expected declaration specifiers or '...' before 'Xil_In32'
../src/main.c:330:13: error: expected declaration specifiers or '...' before string constant
../src/main.c:330:45: error: expected declaration specifiers or '...' before 'Xil_In32'
../src/main.c:331:13: error: expected declaration specifiers or '...' before string constant
../src/main.c:331:45: error: expected declaration specifiers or '...' before 'Xil_In32'
../src/main.c:332:13: error: expected declaration specifiers or '...' before string constant
../src/main.c:332:45: error: expected declaration specifiers or '...' before 'Xil_In32'
../src/main.c:333:13: error: expected declaration specifiers or '...' before string constant
../src/main.c:333:52: error: expected declaration specifiers or '...' before 'Xil_In32'
../src/main.c:334:13: error: expected declaration specifiers or '...' before string constant
../src/main.c:334:44: error: expected declaration specifiers or '...' before 'Xil_In32'
../src/main.c:335:13: error: expected declaration specifiers or '...' before string constant
../src/main.c:335:44: error: expected declaration specifiers or '...' before 'Xil_In32'
../src/main.c:338:14: error: expected declaration specifiers or '...' before string constant
../src/main.c:338:49: error: expected declaration specifiers or '...' before 'Xil_In32'
../src/main.c:339:14: error: expected declaration specifiers or '...' before string constant
../src/main.c:339:46: error: expected declaration specifiers or '...' before 'Xil_In32'
../src/main.c:340:14: error: expected declaration specifiers or '...' before string constant
../src/main.c:340:46: error: expected declaration specifiers or '...' before 'Xil_In32'
../src/main.c:341:14: error: expected declaration specifiers or '...' before string constant
../src/main.c:341:46: error: expected declaration specifiers or '...' before 'Xil_In32'
../src/main.c:342:14: error: expected declaration specifiers or '...' before string constant
../src/main.c:342:53: error: expected declaration specifiers or '...' before 'Xil_In32'
../src/main.c:343:14: error: expected declaration specifiers or '...' before string constant
../src/main.c:343:45: error: expected declaration specifiers or '...' before 'Xil_In32'
../src/main.c:344:14: error: expected declaration specifiers or '...' before string constant
../src/main.c:344:45: error: expected declaration specifiers or '...' before 'Xil_In32'
../src/main.c:345:14: error: expected declaration specifiers or '...' before string constant
../src/main.c:346:1: error: expected identifier or '(' before '}' token
../src/main.c: In function 'resetVDMA':
../src/main.c:354:20: error: 'XPAR_AXI_VDMA_1_BASEADDR' undeclared (first use in this function)
../src/main.c:354:20: note: each undeclared identifier is reported only once for each function it appears in
../src/main.c: In function 'main':
../src/main.c:708:3: warning: implicit declaration of function 'AXI_monitor_reset' [-Wimplicit-function-declaration]
../src/main.c:721:5: warning: implicit declaration of function 'AXI_monitor_stop' [-Wimplicit-function-declaration]
make: *** [src/main.o] Error 1
08:49:09 **** Auto Build of configuration Debug for project software_prj ****
make all 
Building file: ../src/main.c
Invoking: ARM gcc compiler
arm-xilinx-eabi-gcc -Wall -O0 -g3 -I/home/ga46sam/zync_work/Performances/opencv_install -I"/home/ga46sam/Lab_Zynq/FROM_server/Project1_Optimized/SDK/SDK_Workspace/software_prj/inc" -c -fmessage-length=0 -I../../standalone_bsp_0/ps7_cortexa9_0/include -MMD -MP -MF"src/main.d" -MT"src/main.d" -o "src/main.o" "../src/main.c"
../src/main.c:67:13: warning: 'Ex_config' initialized and declared 'extern' [enabled by default]
../src/main.c: In function 'resetVDMA':
../src/main.c:354:20: error: 'XPAR_AXI_VDMA_1_BASEADDR' undeclared (first use in this function)
../src/main.c:354:20: note: each undeclared identifier is reported only once for each function it appears in
../src/main.c: In function 'main':
../src/main.c:708:3: warning: implicit declaration of function 'AXI_monitor_reset' [-Wimplicit-function-declaration]
../src/main.c:721:5: warning: implicit declaration of function 'AXI_monitor_stop' [-Wimplicit-function-declaration]
make: *** [src/main.o] Error 1
08:49:34 **** Auto Build of configuration Debug for project software_prj ****
make all 
Building file: ../src/main.c
Invoking: ARM gcc compiler
arm-xilinx-eabi-gcc -Wall -O0 -g3 -I/home/ga46sam/zync_work/Performances/opencv_install -I"/home/ga46sam/Lab_Zynq/FROM_server/Project1_Optimized/SDK/SDK_Workspace/software_prj/inc" -c -fmessage-length=0 -I../../standalone_bsp_0/ps7_cortexa9_0/include -MMD -MP -MF"src/main.d" -MT"src/main.d" -o "src/main.o" "../src/main.c"
../src/main.c:67:13: warning: 'Ex_config' initialized and declared 'extern' [enabled by default]
../src/main.c: In function 'main':
../src/main.c:708:3: warning: implicit declaration of function 'AXI_monitor_reset' [-Wimplicit-function-declaration]
../src/main.c:721:5: warning: implicit declaration of function 'AXI_monitor_stop' [-Wimplicit-function-declaration]
Finished building: ../src/main.c
 
Building file: ../src/transmitter.c
Invoking: ARM gcc compiler
arm-xilinx-eabi-gcc -Wall -O0 -g3 -I/home/ga46sam/zync_work/Performances/opencv_install -I"/home/ga46sam/Lab_Zynq/FROM_server/Project1_Optimized/SDK/SDK_Workspace/software_prj/inc" -c -fmessage-length=0 -I../../standalone_bsp_0/ps7_cortexa9_0/include -MMD -MP -MF"src/transmitter.d" -MT"src/transmitter.d" -o "src/transmitter.o" "../src/transmitter.c"
Finished building: ../src/transmitter.c
 
Building file: ../inc/xconvert_to_gray.c
Invoking: ARM gcc compiler
arm-xilinx-eabi-gcc -Wall -O0 -g3 -I/home/ga46sam/zync_work/Performances/opencv_install -I"/home/ga46sam/Lab_Zynq/FROM_server/Project1_Optimized/SDK/SDK_Workspace/software_prj/inc" -c -fmessage-length=0 -I../../standalone_bsp_0/ps7_cortexa9_0/include -MMD -MP -MF"inc/xconvert_to_gray.d" -MT"inc/xconvert_to_gray.d" -o "inc/xconvert_to_gray.o" "../inc/xconvert_to_gray.c"
Finished building: ../inc/xconvert_to_gray.c
 
Building file: ../inc/ximage_filter.c
Invoking: ARM gcc compiler
arm-xilinx-eabi-gcc -Wall -O0 -g3 -I/home/ga46sam/zync_work/Performances/opencv_install -I"/home/ga46sam/Lab_Zynq/FROM_server/Project1_Optimized/SDK/SDK_Workspace/software_prj/inc" -c -fmessage-length=0 -I../../standalone_bsp_0/ps7_cortexa9_0/include -MMD -MP -MF"inc/ximage_filter.d" -MT"inc/ximage_filter.d" -o "inc/ximage_filter.o" "../inc/ximage_filter.c"
Finished building: ../inc/ximage_filter.c
 
Building file: ../inc/xsobel_filter.c
Invoking: ARM gcc compiler
arm-xilinx-eabi-gcc -Wall -O0 -g3 -I/home/ga46sam/zync_work/Performances/opencv_install -I"/home/ga46sam/Lab_Zynq/FROM_server/Project1_Optimized/SDK/SDK_Workspace/software_prj/inc" -c -fmessage-length=0 -I../../standalone_bsp_0/ps7_cortexa9_0/include -MMD -MP -MF"inc/xsobel_filter.d" -MT"inc/xsobel_filter.d" -o "inc/xsobel_filter.o" "../inc/xsobel_filter.c"
Finished building: ../inc/xsobel_filter.c
 
Building target: software_prj.elf
Invoking: ARM gcc linker
arm-xilinx-eabi-gcc -L"/home/ga46sam/Lab_Zynq/FROM_server/Project1_Optimized/SDK/SDK_Workspace/software_prj/lib" -L"/home/ga46sam/Lab_Zynq/FROM_server/Project1_Optimized/SDK/SDK_Workspace/standalone_bsp_0/ps7_cortexa9_0/lib" -Wl,-T -Wl,../src/lscript.ld -L../../standalone_bsp_0/ps7_cortexa9_0/lib -o "software_prj.elf"  ./src/axi_interrupt.o ./src/cf_hdmi.o ./src/img_filters.o ./src/main.o ./src/transmitter.o  ./inc/xconvert_to_gray.o ./inc/ximage_filter.o ./inc/xsobel_filter.o   -lHDMI_ZedBoardLib -Wl,--start-group,-lxil,-lgcc,-lc,--end-group
./src/main.o: In function `main':
/home/ga46sam/Lab_Zynq/FROM_server/Project1_Optimized/SDK/SDK_Workspace/software_prj/Debug/../src/main.c:708: undefined reference to `AXI_monitor_reset'
/home/ga46sam/Lab_Zynq/FROM_server/Project1_Optimized/SDK/SDK_Workspace/software_prj/Debug/../src/main.c:721: undefined reference to `AXI_monitor_stop'
/home/ga46sam/Lab_Zynq/FROM_server/Project1_Optimized/SDK/SDK_Workspace/software_prj/Debug/../src/main.c:733: undefined reference to `AXI_monitor_reset'
collect2: error: ld returned 1 exit status
make: *** [software_prj.elf] Error 1
08:49:44 **** Auto Build of configuration Debug for project software_prj ****
make all 
Building file: ../src/main.c
Invoking: ARM gcc compiler
arm-xilinx-eabi-gcc -Wall -O0 -g3 -I/home/ga46sam/zync_work/Performances/opencv_install -I"/home/ga46sam/Lab_Zynq/FROM_server/Project1_Optimized/SDK/SDK_Workspace/software_prj/inc" -c -fmessage-length=0 -I../../standalone_bsp_0/ps7_cortexa9_0/include -MMD -MP -MF"src/main.d" -MT"src/main.d" -o "src/main.o" "../src/main.c"
../src/main.c:67:13: warning: 'Ex_config' initialized and declared 'extern' [enabled by default]
Finished building: ../src/main.c
 
Building target: software_prj.elf
Invoking: ARM gcc linker
arm-xilinx-eabi-gcc -L"/home/ga46sam/Lab_Zynq/FROM_server/Project1_Optimized/SDK/SDK_Workspace/software_prj/lib" -L"/home/ga46sam/Lab_Zynq/FROM_server/Project1_Optimized/SDK/SDK_Workspace/standalone_bsp_0/ps7_cortexa9_0/lib" -Wl,-T -Wl,../src/lscript.ld -L../../standalone_bsp_0/ps7_cortexa9_0/lib -o "software_prj.elf"  ./src/axi_interrupt.o ./src/cf_hdmi.o ./src/img_filters.o ./src/main.o ./src/transmitter.o  ./inc/xconvert_to_gray.o ./inc/ximage_filter.o ./inc/xsobel_filter.o   -lHDMI_ZedBoardLib -Wl,--start-group,-lxil,-lgcc,-lc,--end-group
Finished building target: software_prj.elf
 
Invoking: ARM Print Size
arm-xilinx-eabi-size software_prj.elf  |tee "software_prj.elf.size"
   text	   data	    bss	    dec	    hex	filename
 167212	 706176	  37056	 910444	  de46c	software_prj.elf
Finished building: software_prj.elf.size
 
08:49:50 **** Clean-only build of configuration Debug for project software_prj ****
make clean 
rm -rf  ./src/axi_interrupt.o ./src/cf_hdmi.o ./src/img_filters.o ./src/main.o ./src/transmitter.o  ./inc/xconvert_to_gray.o ./inc/ximage_filter.o ./inc/xsobel_filter.o  ./src/axi_interrupt.d ./src/cf_hdmi.d ./src/img_filters.d ./src/main.d ./src/transmitter.d  ./inc/xconvert_to_gray.d ./inc/ximage_filter.d ./inc/xsobel_filter.d  software_prj.elf.size  software_prj.elf
 
08:49:50 **** Clean-only build of project standalone_bsp_0 ****
make -k clean 
rm -rf ps7_cortexa9_0
08:49:51 **** Build of project standalone_bsp_0 ****
make -k all 
libgen -hw ../Project1_Optimized_hw_platform/system.xml\
	       \
	       -pe ps7_cortexa9_0 \
	       -log libgen.log \
	       system.mss
libgen
Xilinx EDK 14.7 Build EDK_P.20131013
Copyright (c) 1995-2012 Xilinx, Inc.  All rights reserved.

Command Line: libgen -hw ../Project1_Optimized_hw_platform/system.xml -pe
ps7_cortexa9_0 -log libgen.log system.mss 


Staging source files.
Running DRCs.
Running generate.
Running post_generate.
Running include - 'gmake -s include "COMPILER=arm-xilinx-eabi-gcc"
"ARCHIVER=arm-xilinx-eabi-ar" "COMPILER_FLAGS= -O2 -c"
"EXTRA_COMPILER_FLAGS=-g"'.

Running libs - 'gmake -s libs "COMPILER=arm-xilinx-eabi-gcc"
"ARCHIVER=arm-xilinx-eabi-ar" "COMPILER_FLAGS= -O2 -c"
"EXTRA_COMPILER_FLAGS=-g"'.
Compiling common
arm-xilinx-eabi-ar: creating ../../../lib/libxil.a
Compiling standalone
Compiling axidma
Compiling iic
Compiling axivdma
Compiling devcfg
Compiling dmaps
Compiling emacps
Compiling gpiops
Compiling iicps
Compiling qspips
Compiling scugic
Compiling scutimer
Compiling scuwdt
Compiling ttcps
Compiling uartps
Compiling usbps
Compiling xadcps
Compiling cpu_cortexa9
Running execs_generate.
Finished building libraries
08:50:23 **** Build of configuration Debug for project software_prj ****
make all 
Building file: ../src/axi_interrupt.c
Invoking: ARM gcc compiler
arm-xilinx-eabi-gcc -Wall -O0 -g3 -I/home/ga46sam/zync_work/Performances/opencv_install -I"/home/ga46sam/Lab_Zynq/FROM_server/Project1_Optimized/SDK/SDK_Workspace/software_prj/inc" -c -fmessage-length=0 -I../../standalone_bsp_0/ps7_cortexa9_0/include -MMD -MP -MF"src/axi_interrupt.d" -MT"src/axi_interrupt.d" -o "src/axi_interrupt.o" "../src/axi_interrupt.c"
../src/axi_interrupt.c: In function 'AXI_INTERRUPT_VsyncIntr_Handler':
../src/axi_interrupt.c:60:11: warning: variable 'baseaddr' set but not used [-Wunused-but-set-variable]
Finished building: ../src/axi_interrupt.c
 
Building file: ../src/cf_hdmi.c
Invoking: ARM gcc compiler
arm-xilinx-eabi-gcc -Wall -O0 -g3 -I/home/ga46sam/zync_work/Performances/opencv_install -I"/home/ga46sam/Lab_Zynq/FROM_server/Project1_Optimized/SDK/SDK_Workspace/software_prj/inc" -c -fmessage-length=0 -I../../standalone_bsp_0/ps7_cortexa9_0/include -MMD -MP -MF"src/cf_hdmi.d" -MT"src/cf_hdmi.d" -o "src/cf_hdmi.o" "../src/cf_hdmi.c"
../src/cf_hdmi.c: In function 'DDRVideoWr':
../src/cf_hdmi.c:112:15: warning: unused variable 'overhead' [-Wunused-variable]
../src/cf_hdmi.c:110:16: warning: unused variable 'VH_offset' [-Wunused-variable]
../src/cf_hdmi.c:109:14: warning: unused variable 't' [-Wunused-variable]
../src/cf_hdmi.c: In function 'ConvToGray':
../src/cf_hdmi.c:212:16: warning: unused variable 'VH_offset' [-Wunused-variable]
In file included from ../src/cf_hdmi.c:48:0:
../src/cf_hdmi.c: At top level:
../src/cf_hdmi_demo.h:42:12: warning: 'IMG_DATA' defined but not used [-Wunused-variable]
Finished building: ../src/cf_hdmi.c
 
Building file: ../src/img_filters.c
Invoking: ARM gcc compiler
arm-xilinx-eabi-gcc -Wall -O0 -g3 -I/home/ga46sam/zync_work/Performances/opencv_install -I"/home/ga46sam/Lab_Zynq/FROM_server/Project1_Optimized/SDK/SDK_Workspace/software_prj/inc" -c -fmessage-length=0 -I../../standalone_bsp_0/ps7_cortexa9_0/include -MMD -MP -MF"src/img_filters.d" -MT"src/img_filters.d" -o "src/img_filters.o" "../src/img_filters.c"
Finished building: ../src/img_filters.c
 
Building file: ../src/main.c
Invoking: ARM gcc compiler
arm-xilinx-eabi-gcc -Wall -O0 -g3 -I/home/ga46sam/zync_work/Performances/opencv_install -I"/home/ga46sam/Lab_Zynq/FROM_server/Project1_Optimized/SDK/SDK_Workspace/software_prj/inc" -c -fmessage-length=0 -I../../standalone_bsp_0/ps7_cortexa9_0/include -MMD -MP -MF"src/main.d" -MT"src/main.d" -o "src/main.o" "../src/main.c"
../src/main.c:67:13: warning: 'Ex_config' initialized and declared 'extern' [enabled by default]
Finished building: ../src/main.c
 
Building file: ../src/transmitter.c
Invoking: ARM gcc compiler
arm-xilinx-eabi-gcc -Wall -O0 -g3 -I/home/ga46sam/zync_work/Performances/opencv_install -I"/home/ga46sam/Lab_Zynq/FROM_server/Project1_Optimized/SDK/SDK_Workspace/software_prj/inc" -c -fmessage-length=0 -I../../standalone_bsp_0/ps7_cortexa9_0/include -MMD -MP -MF"src/transmitter.d" -MT"src/transmitter.d" -o "src/transmitter.o" "../src/transmitter.c"
Finished building: ../src/transmitter.c
 
Building file: ../inc/xconvert_to_gray.c
Invoking: ARM gcc compiler
arm-xilinx-eabi-gcc -Wall -O0 -g3 -I/home/ga46sam/zync_work/Performances/opencv_install -I"/home/ga46sam/Lab_Zynq/FROM_server/Project1_Optimized/SDK/SDK_Workspace/software_prj/inc" -c -fmessage-length=0 -I../../standalone_bsp_0/ps7_cortexa9_0/include -MMD -MP -MF"inc/xconvert_to_gray.d" -MT"inc/xconvert_to_gray.d" -o "inc/xconvert_to_gray.o" "../inc/xconvert_to_gray.c"
Finished building: ../inc/xconvert_to_gray.c
 
Building file: ../inc/ximage_filter.c
Invoking: ARM gcc compiler
arm-xilinx-eabi-gcc -Wall -O0 -g3 -I/home/ga46sam/zync_work/Performances/opencv_install -I"/home/ga46sam/Lab_Zynq/FROM_server/Project1_Optimized/SDK/SDK_Workspace/software_prj/inc" -c -fmessage-length=0 -I../../standalone_bsp_0/ps7_cortexa9_0/include -MMD -MP -MF"inc/ximage_filter.d" -MT"inc/ximage_filter.d" -o "inc/ximage_filter.o" "../inc/ximage_filter.c"
Finished building: ../inc/ximage_filter.c
 
Building file: ../inc/xsobel_filter.c
Invoking: ARM gcc compiler
arm-xilinx-eabi-gcc -Wall -O0 -g3 -I/home/ga46sam/zync_work/Performances/opencv_install -I"/home/ga46sam/Lab_Zynq/FROM_server/Project1_Optimized/SDK/SDK_Workspace/software_prj/inc" -c -fmessage-length=0 -I../../standalone_bsp_0/ps7_cortexa9_0/include -MMD -MP -MF"inc/xsobel_filter.d" -MT"inc/xsobel_filter.d" -o "inc/xsobel_filter.o" "../inc/xsobel_filter.c"
Finished building: ../inc/xsobel_filter.c
 
Building target: software_prj.elf
Invoking: ARM gcc linker
arm-xilinx-eabi-gcc -L"/home/ga46sam/Lab_Zynq/FROM_server/Project1_Optimized/SDK/SDK_Workspace/software_prj/lib" -L"/home/ga46sam/Lab_Zynq/FROM_server/Project1_Optimized/SDK/SDK_Workspace/standalone_bsp_0/ps7_cortexa9_0/lib" -Wl,-T -Wl,../src/lscript.ld -L../../standalone_bsp_0/ps7_cortexa9_0/lib -o "software_prj.elf"  ./src/axi_interrupt.o ./src/cf_hdmi.o ./src/img_filters.o ./src/main.o ./src/transmitter.o  ./inc/xconvert_to_gray.o ./inc/ximage_filter.o ./inc/xsobel_filter.o   -lHDMI_ZedBoardLib -Wl,--start-group,-lxil,-lgcc,-lc,--end-group
Finished building target: software_prj.elf
 
Invoking: ARM Print Size
arm-xilinx-eabi-size software_prj.elf  |tee "software_prj.elf.size"
   text	   data	    bss	    dec	    hex	filename
 167212	 706176	  37056	 910444	  de46c	software_prj.elf
Finished building: software_prj.elf.size
 
08:50:56 **** Incremental Build of configuration Debug for project software_prj ****
make all 
make: Nothing to be done for `all'.
12:15:52 **** Incremental Build of configuration Debug for project software_prj ****
make all 
make: Nothing to be done for `all'.
12:19:59 **** Incremental Build of configuration Debug for project software_prj ****
make all 
make: Nothing to be done for `all'.
12:28:51 **** Incremental Build of configuration Debug for project software_prj ****
make all 
make: Nothing to be done for `all'.
12:30:42 **** Incremental Build of configuration Debug for project software_prj ****
make all 
make: Nothing to be done for `all'.
12:32:38 **** Incremental Build of configuration Debug for project software_prj ****
make all 
make: Nothing to be done for `all'.
13:11:32 **** Auto Build of configuration Debug for project software_prj ****
make all 
Building file: ../src/main.c
Invoking: ARM gcc compiler
arm-xilinx-eabi-gcc -Wall -O0 -g3 -I/home/ga46sam/zync_work/Performances/opencv_install -I"/nfs/TUEIEDAprojects/SystemDesign/work/ipxact/benjamin-bordes/Project1_Optimized/SDK/SDK_Workspace/software_prj/inc" -c -fmessage-length=0 -I../../standalone_bsp_0/ps7_cortexa9_0/include -MMD -MP -MF"src/main.d" -MT"src/main.d" -o "src/main.o" "../src/main.c"
../src/main.c:67:13: warning: 'Ex_config' initialized and declared 'extern' [enabled by default]
Finished building: ../src/main.c
 
Building target: software_prj.elf
Invoking: ARM gcc linker
arm-xilinx-eabi-gcc -L"/nfs/TUEIEDAprojects/SystemDesign/work/ipxact/benjamin-bordes/Project1_Optimized/SDK/SDK_Workspace/software_prj/lib" -L"/nfs/TUEIEDAprojects/SystemDesign/work/ipxact/benjamin-bordes/Project1_Optimized/SDK/SDK_Workspace/standalone_bsp_0/ps7_cortexa9_0/lib" -Wl,-T -Wl,../src/lscript.ld -L../../standalone_bsp_0/ps7_cortexa9_0/lib -o "software_prj.elf"  ./src/axi_interrupt.o ./src/cf_hdmi.o ./src/img_filters.o ./src/main.o ./src/transmitter.o  ./inc/xconvert_to_gray.o ./inc/ximage_filter.o ./inc/xsobel_filter.o   -lHDMI_ZedBoardLib -Wl,--start-group,-lxil,-lgcc,-lc,--end-group
Finished building target: software_prj.elf
 
Invoking: ARM Print Size
arm-xilinx-eabi-size software_prj.elf  |tee "software_prj.elf.size"
   text	   data	    bss	    dec	    hex	filename
 167212	 706176	  37056	 910444	  de46c	software_prj.elf
Finished building: software_prj.elf.size
 
17:35:19 **** Clean-only build of configuration Debug for project software_prj ****
make clean 
rm -rf  ./src/axi_interrupt.o ./src/cf_hdmi.o ./src/img_filters.o ./src/main.o ./src/transmitter.o  ./inc/xconvert_to_gray.o ./inc/ximage_filter.o ./inc/xsobel_filter.o  ./src/axi_interrupt.d ./src/cf_hdmi.d ./src/img_filters.d ./src/main.d ./src/transmitter.d  ./inc/xconvert_to_gray.d ./inc/ximage_filter.d ./inc/xsobel_filter.d  software_prj.elf.size  software_prj.elf
 
17:35:20 **** Auto Build of configuration Debug for project software_prj ****
make all 
Building file: ../src/AXI_Exerciser.c
Invoking: ARM gcc compiler
arm-xilinx-eabi-gcc -Wall -O0 -g3 -I/home/ga46sam/zync_work/Performances/opencv_install -I"/nfs/TUEIEDAprojects/SystemDesign/work/ipxact/benjamin-bordes/DSE/3IP/SDK/SDK_Workspace/software_prj/inc" -c -fmessage-length=0 -I../../standalone_bsp_0/ps7_cortexa9_0/include -MMD -MP -MF"src/AXI_Exerciser.d" -MT"src/AXI_Exerciser.d" -o "src/AXI_Exerciser.o" "../src/AXI_Exerciser.c"
../src/AXI_Exerciser.c: In function 'AXI_Exerciser_clear':
../src/AXI_Exerciser.c:128:6: warning: implicit declaration of function 'Xil_In32' [-Wimplicit-function-declaration]
../src/AXI_Exerciser.c: In function 'mem_clean':
../src/AXI_Exerciser.c:164:3: warning: implicit declaration of function 'Xil_Out32' [-Wimplicit-function-declaration]
Finished building: ../src/AXI_Exerciser.c
 
Building file: ../src/AXI_monitor.c
Invoking: ARM gcc compiler
arm-xilinx-eabi-gcc -Wall -O0 -g3 -I/home/ga46sam/zync_work/Performances/opencv_install -I"/nfs/TUEIEDAprojects/SystemDesign/work/ipxact/benjamin-bordes/DSE/3IP/SDK/SDK_Workspace/software_prj/inc" -c -fmessage-length=0 -I../../standalone_bsp_0/ps7_cortexa9_0/include -MMD -MP -MF"src/AXI_monitor.d" -MT"src/AXI_monitor.d" -o "src/AXI_monitor.o" "../src/AXI_monitor.c"
../src/AXI_monitor.c: In function 'AXI_monitor_config':
../src/AXI_monitor.c:10:1: warning: implicit declaration of function 'printf' [-Wimplicit-function-declaration]
../src/AXI_monitor.c:10:1: warning: incompatible implicit declaration of built-in function 'printf' [enabled by default]
../src/AXI_monitor.c:11:1: warning: implicit declaration of function 'Xil_Out32' [-Wimplicit-function-declaration]
../src/AXI_monitor.c: In function 'AXI_monitor_result':
../src/AXI_monitor.c:47:3: warning: implicit declaration of function 'xil_printf' [-Wimplicit-function-declaration]
../src/AXI_monitor.c:48:3: warning: implicit declaration of function 'Xil_In32' [-Wimplicit-function-declaration]
../src/AXI_monitor.c:50:3: warning: incompatible implicit declaration of built-in function 'printf' [enabled by default]
Finished building: ../src/AXI_monitor.c
 
Building file: ../src/axi_interrupt.c
Invoking: ARM gcc compiler
arm-xilinx-eabi-gcc -Wall -O0 -g3 -I/home/ga46sam/zync_work/Performances/opencv_install -I"/nfs/TUEIEDAprojects/SystemDesign/work/ipxact/benjamin-bordes/DSE/3IP/SDK/SDK_Workspace/software_prj/inc" -c -fmessage-length=0 -I../../standalone_bsp_0/ps7_cortexa9_0/include -MMD -MP -MF"src/axi_interrupt.d" -MT"src/axi_interrupt.d" -o "src/axi_interrupt.o" "../src/axi_interrupt.c"
Finished building: ../src/axi_interrupt.c
 
Building file: ../src/cf_hdmi.c
Invoking: ARM gcc compiler
arm-xilinx-eabi-gcc -Wall -O0 -g3 -I/home/ga46sam/zync_work/Performances/opencv_install -I"/nfs/TUEIEDAprojects/SystemDesign/work/ipxact/benjamin-bordes/DSE/3IP/SDK/SDK_Workspace/software_prj/inc" -c -fmessage-length=0 -I../../standalone_bsp_0/ps7_cortexa9_0/include -MMD -MP -MF"src/cf_hdmi.d" -MT"src/cf_hdmi.d" -o "src/cf_hdmi.o" "../src/cf_hdmi.c"
Finished building: ../src/cf_hdmi.c
 
Building file: ../src/hw_config.c
Invoking: ARM gcc compiler
arm-xilinx-eabi-gcc -Wall -O0 -g3 -I/home/ga46sam/zync_work/Performances/opencv_install -I"/nfs/TUEIEDAprojects/SystemDesign/work/ipxact/benjamin-bordes/DSE/3IP/SDK/SDK_Workspace/software_prj/inc" -c -fmessage-length=0 -I../../standalone_bsp_0/ps7_cortexa9_0/include -MMD -MP -MF"src/hw_config.d" -MT"src/hw_config.d" -o "src/hw_config.o" "../src/hw_config.c"
Finished building: ../src/hw_config.c
 
Building file: ../src/img_filters.c
Invoking: ARM gcc compiler
arm-xilinx-eabi-gcc -Wall -O0 -g3 -I/home/ga46sam/zync_work/Performances/opencv_install -I"/nfs/TUEIEDAprojects/SystemDesign/work/ipxact/benjamin-bordes/DSE/3IP/SDK/SDK_Workspace/software_prj/inc" -c -fmessage-length=0 -I../../standalone_bsp_0/ps7_cortexa9_0/include -MMD -MP -MF"src/img_filters.d" -MT"src/img_filters.d" -o "src/img_filters.o" "../src/img_filters.c"
Finished building: ../src/img_filters.c
 
Building file: ../src/main.c
Invoking: ARM gcc compiler
arm-xilinx-eabi-gcc -Wall -O0 -g3 -I/home/ga46sam/zync_work/Performances/opencv_install -I"/nfs/TUEIEDAprojects/SystemDesign/work/ipxact/benjamin-bordes/DSE/3IP/SDK/SDK_Workspace/software_prj/inc" -c -fmessage-length=0 -I../../standalone_bsp_0/ps7_cortexa9_0/include -MMD -MP -MF"src/main.d" -MT"src/main.d" -o "src/main.o" "../src/main.c"
../src/main.c:38:13: warning: 'Ex_config' initialized and declared 'extern' [enabled by default]
../src/main.c:41:22: warning: 'HDMI_VIEW_ADDR' initialized and declared 'extern' [enabled by default]
../src/main.c:50:28: warning: variable 'test' declared 'inline' [enabled by default]
../src/main.c: In function 'APP_ChangeResolution':
../src/main.c:162:22: error: 'XPAR_AXI_PERF_MON_0_BASEADDR' undeclared (first use in this function)
../src/main.c:162:22: note: each undeclared identifier is reported only once for each function it appears in
../src/main.c:235:27: warning: multi-character character constant [-Wmultichar]
../src/main.c:236:5: warning: implicit declaration of function 'PrintExerciserReg' [-Wimplicit-function-declaration]
../src/main.c: In function 'main':
../src/main.c:318:4: warning: implicit declaration of function 'AXI_monitor_config' [-Wimplicit-function-declaration]
../src/main.c:410:20: error: 'XPAR_AXI_PERF_MON_0_BASEADDR' undeclared (first use in this function)
../src/main.c:317:5: warning: unused variable 'i' [-Wunused-variable]
make: *** [src/main.o] Error 1
17:35:58 **** Auto Build of configuration Debug for project software_prj ****
make all 
Building file: ../src/main.c
Invoking: ARM gcc compiler
arm-xilinx-eabi-gcc -Wall -O0 -g3 -I/home/ga46sam/zync_work/Performances/opencv_install -I"/nfs/TUEIEDAprojects/SystemDesign/work/ipxact/benjamin-bordes/DSE/3IP/SDK/SDK_Workspace/software_prj/inc" -c -fmessage-length=0 -I../../standalone_bsp_0/ps7_cortexa9_0/include -MMD -MP -MF"src/main.d" -MT"src/main.d" -o "src/main.o" "../src/main.c"
../src/main.c:10:23: fatal error: xil_cache.h: No such file or directory
compilation terminated.
make: *** [src/main.o] Error 1
17:39:00 **** Build of project standalone_bsp_0 ****
make -k all 
libgen -hw ../3IP_hw_platform/system.xml\
	       \
	       -pe ps7_cortexa9_0 \
	       -log libgen.log \
	       system.mss
libgen
Xilinx EDK 14.7 Build EDK_P.20131013
Copyright (c) 1995-2012 Xilinx, Inc.  All rights reserved.

Command Line: libgen -hw ../3IP_hw_platform/system.xml -pe ps7_cortexa9_0 -log
libgen.log system.mss 


Staging source files.
Running DRCs.
Running generate.
Running post_generate.
Running include - 'gmake -s include "COMPILER=arm-xilinx-eabi-gcc"
"ARCHIVER=arm-xilinx-eabi-ar" "COMPILER_FLAGS= -O2 -c"
"EXTRA_COMPILER_FLAGS=-g"'.

Running libs - 'gmake -s libs "COMPILER=arm-xilinx-eabi-gcc"
"ARCHIVER=arm-xilinx-eabi-ar" "COMPILER_FLAGS= -O2 -c"
"EXTRA_COMPILER_FLAGS=-g"'.
Compiling common
arm-xilinx-eabi-ar: creating ../../../lib/libxil.a
Compiling standalone
Compiling axidma
Compiling iic
Compiling axipmon
Compiling axivdma
Compiling devcfg
Compiling dmaps
Compiling emacps
Compiling gpiops
Compiling iicps
Compiling qspips
Compiling scugic
Compiling scutimer
Compiling scuwdt
Compiling ttcps
Compiling uartps
Compiling usbps
Compiling xadcps
Compiling cpu_cortexa9
Running execs_generate.
Finished building libraries
17:39:34 **** Auto Build of configuration Debug for project software_prj ****
make all 
Building file: ../src/main.c
Invoking: ARM gcc compiler
arm-xilinx-eabi-gcc -Wall -O0 -g3 -I/home/ga46sam/zync_work/Performances/opencv_install -I"/nfs/TUEIEDAprojects/SystemDesign/work/ipxact/benjamin-bordes/DSE/3IP/SDK/SDK_Workspace/software_prj/inc" -c -fmessage-length=0 -I../../standalone_bsp_0/ps7_cortexa9_0/include -MMD -MP -MF"src/main.d" -MT"src/main.d" -o "src/main.o" "../src/main.c"
../src/main.c:38:13: warning: 'Ex_config' initialized and declared 'extern' [enabled by default]
../src/main.c:41:22: warning: 'HDMI_VIEW_ADDR' initialized and declared 'extern' [enabled by default]
../src/main.c:50:28: warning: variable 'test' declared 'inline' [enabled by default]
../src/main.c: In function 'APP_ChangeResolution':
../src/main.c:235:27: warning: multi-character character constant [-Wmultichar]
../src/main.c:236:5: warning: implicit declaration of function 'PrintExerciserReg' [-Wimplicit-function-declaration]
../src/main.c: In function 'main':
../src/main.c:318:4: warning: implicit declaration of function 'AXI_monitor_config' [-Wimplicit-function-declaration]
../src/main.c:317:5: warning: unused variable 'i' [-Wunused-variable]
Finished building: ../src/main.c
 
Building file: ../src/sw_functions.c
Invoking: ARM gcc compiler
arm-xilinx-eabi-gcc -Wall -O0 -g3 -I/home/ga46sam/zync_work/Performances/opencv_install -I"/nfs/TUEIEDAprojects/SystemDesign/work/ipxact/benjamin-bordes/DSE/3IP/SDK/SDK_Workspace/software_prj/inc" -c -fmessage-length=0 -I../../standalone_bsp_0/ps7_cortexa9_0/include -MMD -MP -MF"src/sw_functions.d" -MT"src/sw_functions.d" -o "src/sw_functions.o" "../src/sw_functions.c"
../src/sw_functions.c: In function 'ConvToGray':
../src/sw_functions.c:28:16: warning: unused variable 'VH_offset' [-Wunused-variable]
Finished building: ../src/sw_functions.c
 
Building file: ../src/transmitter.c
Invoking: ARM gcc compiler
arm-xilinx-eabi-gcc -Wall -O0 -g3 -I/home/ga46sam/zync_work/Performances/opencv_install -I"/nfs/TUEIEDAprojects/SystemDesign/work/ipxact/benjamin-bordes/DSE/3IP/SDK/SDK_Workspace/software_prj/inc" -c -fmessage-length=0 -I../../standalone_bsp_0/ps7_cortexa9_0/include -MMD -MP -MF"src/transmitter.d" -MT"src/transmitter.d" -o "src/transmitter.o" "../src/transmitter.c"
Finished building: ../src/transmitter.c
 
Building file: ../inc/xgray_scale.c
Invoking: ARM gcc compiler
arm-xilinx-eabi-gcc -Wall -O0 -g3 -I/home/ga46sam/zync_work/Performances/opencv_install -I"/nfs/TUEIEDAprojects/SystemDesign/work/ipxact/benjamin-bordes/DSE/3IP/SDK/SDK_Workspace/software_prj/inc" -c -fmessage-length=0 -I../../standalone_bsp_0/ps7_cortexa9_0/include -MMD -MP -MF"inc/xgray_scale.d" -MT"inc/xgray_scale.d" -o "inc/xgray_scale.o" "../inc/xgray_scale.c"
Finished building: ../inc/xgray_scale.c
 
Building file: ../inc/ximage_filter.c
Invoking: ARM gcc compiler
arm-xilinx-eabi-gcc -Wall -O0 -g3 -I/home/ga46sam/zync_work/Performances/opencv_install -I"/nfs/TUEIEDAprojects/SystemDesign/work/ipxact/benjamin-bordes/DSE/3IP/SDK/SDK_Workspace/software_prj/inc" -c -fmessage-length=0 -I../../standalone_bsp_0/ps7_cortexa9_0/include -MMD -MP -MF"inc/ximage_filter.d" -MT"inc/ximage_filter.d" -o "inc/ximage_filter.o" "../inc/ximage_filter.c"
Finished building: ../inc/ximage_filter.c
 
Building file: ../inc/xsobel_filter.c
Invoking: ARM gcc compiler
arm-xilinx-eabi-gcc -Wall -O0 -g3 -I/home/ga46sam/zync_work/Performances/opencv_install -I"/nfs/TUEIEDAprojects/SystemDesign/work/ipxact/benjamin-bordes/DSE/3IP/SDK/SDK_Workspace/software_prj/inc" -c -fmessage-length=0 -I../../standalone_bsp_0/ps7_cortexa9_0/include -MMD -MP -MF"inc/xsobel_filter.d" -MT"inc/xsobel_filter.d" -o "inc/xsobel_filter.o" "../inc/xsobel_filter.c"
Finished building: ../inc/xsobel_filter.c
 
Building target: software_prj.elf
Invoking: ARM gcc linker
arm-xilinx-eabi-gcc -L"/nfs/TUEIEDAprojects/SystemDesign/work/ipxact/benjamin-bordes/DSE/3IP/SDK/SDK_Workspace/software_prj/lib" -L"/nfs/TUEIEDAprojects/SystemDesign/work/ipxact/benjamin-bordes/DSE/3IP/SDK/SDK_Workspace/standalone_bsp_0/ps7_cortexa9_0/lib" -Wl,-T -Wl,../src/lscript.ld -L../../standalone_bsp_0/ps7_cortexa9_0/lib -o "software_prj.elf"  ./src/AXI_Exerciser.o ./src/AXI_monitor.o ./src/axi_interrupt.o ./src/cf_hdmi.o ./src/hw_config.o ./src/img_filters.o ./src/main.o ./src/sw_functions.o ./src/transmitter.o  ./inc/xgray_scale.o ./inc/ximage_filter.o ./inc/xsobel_filter.o   -lHDMI_ZedBoardLib -Wl,--start-group,-lxil,-lgcc,-lc,--end-group
Finished building target: software_prj.elf
 
Invoking: ARM Print Size
arm-xilinx-eabi-size software_prj.elf  |tee "software_prj.elf.size"
   text	   data	    bss	    dec	    hex	filename
 155032	   3072	  34508	 192612	  2f064	software_prj.elf
Finished building: software_prj.elf.size
 
17:39:51 **** Clean-only build of configuration Debug for project software_prj ****
make clean 
rm -rf  ./src/AXI_Exerciser.o ./src/AXI_monitor.o ./src/axi_interrupt.o ./src/cf_hdmi.o ./src/hw_config.o ./src/img_filters.o ./src/main.o ./src/sw_functions.o ./src/transmitter.o  ./inc/xgray_scale.o ./inc/ximage_filter.o ./inc/xsobel_filter.o  ./src/AXI_Exerciser.d ./src/AXI_monitor.d ./src/axi_interrupt.d ./src/cf_hdmi.d ./src/hw_config.d ./src/img_filters.d ./src/main.d ./src/sw_functions.d ./src/transmitter.d  ./inc/xgray_scale.d ./inc/ximage_filter.d ./inc/xsobel_filter.d  software_prj.elf.size  software_prj.elf
 
17:39:51 **** Clean-only build of project standalone_bsp_0 ****
make -k clean 
rm -rf ps7_cortexa9_0
17:39:52 **** Build of project standalone_bsp_0 ****
make -k all 
libgen -hw ../3IP_hw_platform/system.xml\
	       \
	       -pe ps7_cortexa9_0 \
	       -log libgen.log \
	       system.mss
libgen
Xilinx EDK 14.7 Build EDK_P.20131013
Copyright (c) 1995-2012 Xilinx, Inc.  All rights reserved.

Command Line: libgen -hw ../3IP_hw_platform/system.xml -pe ps7_cortexa9_0 -log
libgen.log system.mss 


Staging source files.
Running DRCs.
Running generate.
Running post_generate.
Running include - 'gmake -s include "COMPILER=arm-xilinx-eabi-gcc"
"ARCHIVER=arm-xilinx-eabi-ar" "COMPILER_FLAGS= -O2 -c"
"EXTRA_COMPILER_FLAGS=-g"'.

Running libs - 'gmake -s libs "COMPILER=arm-xilinx-eabi-gcc"
"ARCHIVER=arm-xilinx-eabi-ar" "COMPILER_FLAGS= -O2 -c"
"EXTRA_COMPILER_FLAGS=-g"'.
Compiling common
arm-xilinx-eabi-ar: creating ../../../lib/libxil.a
Compiling standalone
Compiling axidma
Compiling iic
Compiling axipmon
Compiling axivdma
Compiling devcfg
Compiling dmaps
Compiling emacps
Compiling gpiops
Compiling iicps
Compiling qspips
Compiling scugic
Compiling scutimer
Compiling scuwdt
Compiling ttcps
Compiling uartps
Compiling usbps
Compiling xadcps
Compiling cpu_cortexa9
Running execs_generate.
Finished building libraries
17:40:22 **** Build of configuration Debug for project software_prj ****
make all 
Building file: ../src/AXI_Exerciser.c
Invoking: ARM gcc compiler
arm-xilinx-eabi-gcc -Wall -O0 -g3 -I/home/ga46sam/zync_work/Performances/opencv_install -I"/nfs/TUEIEDAprojects/SystemDesign/work/ipxact/benjamin-bordes/DSE/3IP/SDK/SDK_Workspace/software_prj/inc" -c -fmessage-length=0 -I../../standalone_bsp_0/ps7_cortexa9_0/include -MMD -MP -MF"src/AXI_Exerciser.d" -MT"src/AXI_Exerciser.d" -o "src/AXI_Exerciser.o" "../src/AXI_Exerciser.c"
../src/AXI_Exerciser.c: In function 'AXI_Exerciser_clear':
../src/AXI_Exerciser.c:128:6: warning: implicit declaration of function 'Xil_In32' [-Wimplicit-function-declaration]
../src/AXI_Exerciser.c: In function 'mem_clean':
../src/AXI_Exerciser.c:164:3: warning: implicit declaration of function 'Xil_Out32' [-Wimplicit-function-declaration]
Finished building: ../src/AXI_Exerciser.c
 
Building file: ../src/AXI_monitor.c
Invoking: ARM gcc compiler
arm-xilinx-eabi-gcc -Wall -O0 -g3 -I/home/ga46sam/zync_work/Performances/opencv_install -I"/nfs/TUEIEDAprojects/SystemDesign/work/ipxact/benjamin-bordes/DSE/3IP/SDK/SDK_Workspace/software_prj/inc" -c -fmessage-length=0 -I../../standalone_bsp_0/ps7_cortexa9_0/include -MMD -MP -MF"src/AXI_monitor.d" -MT"src/AXI_monitor.d" -o "src/AXI_monitor.o" "../src/AXI_monitor.c"
../src/AXI_monitor.c: In function 'AXI_monitor_config':
../src/AXI_monitor.c:10:1: warning: implicit declaration of function 'printf' [-Wimplicit-function-declaration]
Finished building: ../src/AXI_monitor.c
../src/AXI_monitor.c:10:1: warning: incompatible implicit declaration of built-in function 'printf' [enabled by default]
 
../src/AXI_monitor.c:11:1: warning: implicit declaration of function 'Xil_Out32' [-Wimplicit-function-declaration]
Building file: ../src/axi_interrupt.c
../src/AXI_monitor.c: In function 'AXI_monitor_result':
Invoking: ARM gcc compiler
arm-xilinx-eabi-gcc -Wall -O0 -g3 -I/home/ga46sam/zync_work/Performances/opencv_install -I"/nfs/TUEIEDAprojects/SystemDesign/work/ipxact/benjamin-bordes/DSE/3IP/SDK/SDK_Workspace/software_prj/inc" -c -fmessage-length=0 -I../../standalone_bsp_0/ps7_cortexa9_0/include -MMD -MP -MF"src/axi_interrupt.d" -MT"src/axi_interrupt.d" -o "src/axi_interrupt.o" "../src/axi_interrupt.c"
../src/AXI_monitor.c:47:3: warning: implicit declaration of function 'xil_printf' [-Wimplicit-function-declaration]
../src/AXI_monitor.c:48:3: warning: implicit declaration of function 'Xil_In32' [-Wimplicit-function-declaration]
../src/AXI_monitor.c:50:3: warning: incompatible implicit declaration of built-in function 'printf' [enabled by default]
Finished building: ../src/axi_interrupt.c
 
Building file: ../src/cf_hdmi.c
Invoking: ARM gcc compiler
arm-xilinx-eabi-gcc -Wall -O0 -g3 -I/home/ga46sam/zync_work/Performances/opencv_install -I"/nfs/TUEIEDAprojects/SystemDesign/work/ipxact/benjamin-bordes/DSE/3IP/SDK/SDK_Workspace/software_prj/inc" -c -fmessage-length=0 -I../../standalone_bsp_0/ps7_cortexa9_0/include -MMD -MP -MF"src/cf_hdmi.d" -MT"src/cf_hdmi.d" -o "src/cf_hdmi.o" "../src/cf_hdmi.c"
Finished building: ../src/cf_hdmi.c
 
Building file: ../src/hw_config.c
Invoking: ARM gcc compiler
arm-xilinx-eabi-gcc -Wall -O0 -g3 -I/home/ga46sam/zync_work/Performances/opencv_install -I"/nfs/TUEIEDAprojects/SystemDesign/work/ipxact/benjamin-bordes/DSE/3IP/SDK/SDK_Workspace/software_prj/inc" -c -fmessage-length=0 -I../../standalone_bsp_0/ps7_cortexa9_0/include -MMD -MP -MF"src/hw_config.d" -MT"src/hw_config.d" -o "src/hw_config.o" "../src/hw_config.c"
Finished building: ../src/hw_config.c
 
Building file: ../src/img_filters.c
Invoking: ARM gcc compiler
arm-xilinx-eabi-gcc -Wall -O0 -g3 -I/home/ga46sam/zync_work/Performances/opencv_install -I"/nfs/TUEIEDAprojects/SystemDesign/work/ipxact/benjamin-bordes/DSE/3IP/SDK/SDK_Workspace/software_prj/inc" -c -fmessage-length=0 -I../../standalone_bsp_0/ps7_cortexa9_0/include -MMD -MP -MF"src/img_filters.d" -MT"src/img_filters.d" -o "src/img_filters.o" "../src/img_filters.c"
Finished building: ../src/img_filters.c
 
Building file: ../src/main.c
Invoking: ARM gcc compiler
arm-xilinx-eabi-gcc -Wall -O0 -g3 -I/home/ga46sam/zync_work/Performances/opencv_install -I"/nfs/TUEIEDAprojects/SystemDesign/work/ipxact/benjamin-bordes/DSE/3IP/SDK/SDK_Workspace/software_prj/inc" -c -fmessage-length=0 -I../../standalone_bsp_0/ps7_cortexa9_0/include -MMD -MP -MF"src/main.d" -MT"src/main.d" -o "src/main.o" "../src/main.c"
../src/main.c:38:13: warning: 'Ex_config' initialized and declared 'extern' [enabled by default]
../src/main.c:41:22: warning: 'HDMI_VIEW_ADDR' initialized and declared 'extern' [enabled by default]
../src/main.c:50:28: warning: variable 'test' declared 'inline' [enabled by default]
../src/main.c: In function 'APP_ChangeResolution':
../src/main.c:235:27: warning: multi-character character constant [-Wmultichar]
../src/main.c:236:5: warning: implicit declaration of function 'PrintExerciserReg' [-Wimplicit-function-declaration]
../src/main.c: In function 'main':
../src/main.c:318:4: warning: implicit declaration of function 'AXI_monitor_config' [-Wimplicit-function-declaration]
../src/main.c:317:5: warning: unused variable 'i' [-Wunused-variable]
Finished building: ../src/main.c
 
Building file: ../src/sw_functions.c
Invoking: ARM gcc compiler
arm-xilinx-eabi-gcc -Wall -O0 -g3 -I/home/ga46sam/zync_work/Performances/opencv_install -I"/nfs/TUEIEDAprojects/SystemDesign/work/ipxact/benjamin-bordes/DSE/3IP/SDK/SDK_Workspace/software_prj/inc" -c -fmessage-length=0 -I../../standalone_bsp_0/ps7_cortexa9_0/include -MMD -MP -MF"src/sw_functions.d" -MT"src/sw_functions.d" -o "src/sw_functions.o" "../src/sw_functions.c"
../src/sw_functions.c: In function 'ConvToGray':
../src/sw_functions.c:28:16: warning: unused variable 'VH_offset' [-Wunused-variable]
Finished building: ../src/sw_functions.c
 
Building file: ../src/transmitter.c
Invoking: ARM gcc compiler
arm-xilinx-eabi-gcc -Wall -O0 -g3 -I/home/ga46sam/zync_work/Performances/opencv_install -I"/nfs/TUEIEDAprojects/SystemDesign/work/ipxact/benjamin-bordes/DSE/3IP/SDK/SDK_Workspace/software_prj/inc" -c -fmessage-length=0 -I../../standalone_bsp_0/ps7_cortexa9_0/include -MMD -MP -MF"src/transmitter.d" -MT"src/transmitter.d" -o "src/transmitter.o" "../src/transmitter.c"
Finished building: ../src/transmitter.c
 
Building file: ../inc/xgray_scale.c
Invoking: ARM gcc compiler
arm-xilinx-eabi-gcc -Wall -O0 -g3 -I/home/ga46sam/zync_work/Performances/opencv_install -I"/nfs/TUEIEDAprojects/SystemDesign/work/ipxact/benjamin-bordes/DSE/3IP/SDK/SDK_Workspace/software_prj/inc" -c -fmessage-length=0 -I../../standalone_bsp_0/ps7_cortexa9_0/include -MMD -MP -MF"inc/xgray_scale.d" -MT"inc/xgray_scale.d" -o "inc/xgray_scale.o" "../inc/xgray_scale.c"
Finished building: ../inc/xgray_scale.c
 
Building file: ../inc/ximage_filter.c
Invoking: ARM gcc compiler
arm-xilinx-eabi-gcc -Wall -O0 -g3 -I/home/ga46sam/zync_work/Performances/opencv_install -I"/nfs/TUEIEDAprojects/SystemDesign/work/ipxact/benjamin-bordes/DSE/3IP/SDK/SDK_Workspace/software_prj/inc" -c -fmessage-length=0 -I../../standalone_bsp_0/ps7_cortexa9_0/include -MMD -MP -MF"inc/ximage_filter.d" -MT"inc/ximage_filter.d" -o "inc/ximage_filter.o" "../inc/ximage_filter.c"
Finished building: ../inc/ximage_filter.c
 
Building file: ../inc/xsobel_filter.c
Invoking: ARM gcc compiler
arm-xilinx-eabi-gcc -Wall -O0 -g3 -I/home/ga46sam/zync_work/Performances/opencv_install -I"/nfs/TUEIEDAprojects/SystemDesign/work/ipxact/benjamin-bordes/DSE/3IP/SDK/SDK_Workspace/software_prj/inc" -c -fmessage-length=0 -I../../standalone_bsp_0/ps7_cortexa9_0/include -MMD -MP -MF"inc/xsobel_filter.d" -MT"inc/xsobel_filter.d" -o "inc/xsobel_filter.o" "../inc/xsobel_filter.c"
Finished building: ../inc/xsobel_filter.c
 
Building target: software_prj.elf
Invoking: ARM gcc linker
arm-xilinx-eabi-gcc -L"/nfs/TUEIEDAprojects/SystemDesign/work/ipxact/benjamin-bordes/DSE/3IP/SDK/SDK_Workspace/software_prj/lib" -L"/nfs/TUEIEDAprojects/SystemDesign/work/ipxact/benjamin-bordes/DSE/3IP/SDK/SDK_Workspace/standalone_bsp_0/ps7_cortexa9_0/lib" -Wl,-T -Wl,../src/lscript.ld -L../../standalone_bsp_0/ps7_cortexa9_0/lib -o "software_prj.elf"  ./src/AXI_Exerciser.o ./src/AXI_monitor.o ./src/axi_interrupt.o ./src/cf_hdmi.o ./src/hw_config.o ./src/img_filters.o ./src/main.o ./src/sw_functions.o ./src/transmitter.o  ./inc/xgray_scale.o ./inc/ximage_filter.o ./inc/xsobel_filter.o   -lHDMI_ZedBoardLib -Wl,--start-group,-lxil,-lgcc,-lc,--end-group
Finished building target: software_prj.elf
 
Invoking: ARM Print Size
arm-xilinx-eabi-size software_prj.elf  |tee "software_prj.elf.size"
   text	   data	    bss	    dec	    hex	filename
 155032	   3072	  34508	 192612	  2f064	software_prj.elf
Finished building: software_prj.elf.size
 
17:40:46 **** Incremental Build of configuration Debug for project software_prj ****
make all 
make: Nothing to be done for `all'.
17:42:20 **** Auto Build of configuration Debug for project software_prj ****
make all 
Building file: ../src/main.c
Invoking: ARM gcc compiler
arm-xilinx-eabi-gcc -Wall -O0 -g3 -I/home/ga46sam/zync_work/Performances/opencv_install -I"/nfs/TUEIEDAprojects/SystemDesign/work/ipxact/benjamin-bordes/DSE/3IP/SDK/SDK_Workspace/software_prj/inc" -c -fmessage-length=0 -I../../standalone_bsp_0/ps7_cortexa9_0/include -MMD -MP -MF"src/main.d" -MT"src/main.d" -o "src/main.o" "../src/main.c"
../src/main.c:38:13: warning: 'Ex_config' initialized and declared 'extern' [enabled by default]
../src/main.c:41:22: warning: 'HDMI_VIEW_ADDR' initialized and declared 'extern' [enabled by default]
../src/main.c:50:28: warning: variable 'test' declared 'inline' [enabled by default]
../src/main.c: In function 'APP_ChangeResolution':
../src/main.c:235:27: warning: multi-character character constant [-Wmultichar]
../src/main.c:236:5: warning: implicit declaration of function 'PrintExerciserReg' [-Wimplicit-function-declaration]
../src/main.c: In function 'main':
../src/main.c:318:4: warning: implicit declaration of function 'AXI_monitor_config' [-Wimplicit-function-declaration]
../src/main.c:317:5: warning: unused variable 'i' [-Wunused-variable]
Finished building: ../src/main.c
 
Building target: software_prj.elf
Invoking: ARM gcc linker
arm-xilinx-eabi-gcc -L"/nfs/TUEIEDAprojects/SystemDesign/work/ipxact/benjamin-bordes/DSE/3IP/SDK/SDK_Workspace/software_prj/lib" -L"/nfs/TUEIEDAprojects/SystemDesign/work/ipxact/benjamin-bordes/DSE/3IP/SDK/SDK_Workspace/standalone_bsp_0/ps7_cortexa9_0/lib" -Wl,-T -Wl,../src/lscript.ld -L../../standalone_bsp_0/ps7_cortexa9_0/lib -o "software_prj.elf"  ./src/AXI_Exerciser.o ./src/AXI_monitor.o ./src/axi_interrupt.o ./src/cf_hdmi.o ./src/hw_config.o ./src/img_filters.o ./src/main.o ./src/sw_functions.o ./src/transmitter.o  ./inc/xgray_scale.o ./inc/ximage_filter.o ./inc/xsobel_filter.o   -lHDMI_ZedBoardLib -Wl,--start-group,-lxil,-lgcc,-lc,--end-group
Finished building target: software_prj.elf
 
Invoking: ARM Print Size
arm-xilinx-eabi-size software_prj.elf  |tee "software_prj.elf.size"
   text	   data	    bss	    dec	    hex	filename
 155032	   3072	  34508	 192612	  2f064	software_prj.elf
Finished building: software_prj.elf.size
 
17:44:56 **** Auto Build of configuration Debug for project software_prj ****
make all 
Building file: ../src/main.c
Invoking: ARM gcc compiler
arm-xilinx-eabi-gcc -Wall -O0 -g3 -I/home/ga46sam/zync_work/Performances/opencv_install -I"/nfs/TUEIEDAprojects/SystemDesign/work/ipxact/benjamin-bordes/DSE/3IP/SDK/SDK_Workspace/software_prj/inc" -c -fmessage-length=0 -I../../standalone_bsp_0/ps7_cortexa9_0/include -MMD -MP -MF"src/main.d" -MT"src/main.d" -o "src/main.o" "../src/main.c"
../src/main.c:38:13: warning: 'Ex_config' initialized and declared 'extern' [enabled by default]
../src/main.c:41:22: warning: 'HDMI_VIEW_ADDR' initialized and declared 'extern' [enabled by default]
../src/main.c:50:28: warning: variable 'test' declared 'inline' [enabled by default]
../src/main.c: In function 'APP_ChangeResolution':
../src/main.c:243:27: warning: multi-character character constant [-Wmultichar]
../src/main.c:244:5: warning: implicit declaration of function 'PrintExerciserReg' [-Wimplicit-function-declaration]
../src/main.c: In function 'main':
../src/main.c:326:4: warning: implicit declaration of function 'AXI_monitor_config' [-Wimplicit-function-declaration]
../src/main.c:325:5: warning: unused variable 'i' [-Wunused-variable]
Finished building: ../src/main.c
 
Building target: software_prj.elf
Invoking: ARM gcc linker
arm-xilinx-eabi-gcc -L"/nfs/TUEIEDAprojects/SystemDesign/work/ipxact/benjamin-bordes/DSE/3IP/SDK/SDK_Workspace/software_prj/lib" -L"/nfs/TUEIEDAprojects/SystemDesign/work/ipxact/benjamin-bordes/DSE/3IP/SDK/SDK_Workspace/standalone_bsp_0/ps7_cortexa9_0/lib" -Wl,-T -Wl,../src/lscript.ld -L../../standalone_bsp_0/ps7_cortexa9_0/lib -o "software_prj.elf"  ./src/AXI_Exerciser.o ./src/AXI_monitor.o ./src/axi_interrupt.o ./src/cf_hdmi.o ./src/hw_config.o ./src/img_filters.o ./src/main.o ./src/sw_functions.o ./src/transmitter.o  ./inc/xgray_scale.o ./inc/ximage_filter.o ./inc/xsobel_filter.o   -lHDMI_ZedBoardLib -Wl,--start-group,-lxil,-lgcc,-lc,--end-group
Finished building target: software_prj.elf
 
Invoking: ARM Print Size
arm-xilinx-eabi-size software_prj.elf  |tee "software_prj.elf.size"
   text	   data	    bss	    dec	    hex	filename
 155200	   3072	  34508	 192780	  2f10c	software_prj.elf
Finished building: software_prj.elf.size
 
17:45:17 **** Auto Build of configuration Debug for project software_prj ****
make all 
Building file: ../src/main.c
Invoking: ARM gcc compiler
arm-xilinx-eabi-gcc -Wall -O0 -g3 -I/home/ga46sam/zync_work/Performances/opencv_install -I"/nfs/TUEIEDAprojects/SystemDesign/work/ipxact/benjamin-bordes/DSE/3IP/SDK/SDK_Workspace/software_prj/inc" -c -fmessage-length=0 -I../../standalone_bsp_0/ps7_cortexa9_0/include -MMD -MP -MF"src/main.d" -MT"src/main.d" -o "src/main.o" "../src/main.c"
../src/main.c:38:13: warning: 'Ex_config' initialized and declared 'extern' [enabled by default]
../src/main.c:41:22: warning: 'HDMI_VIEW_ADDR' initialized and declared 'extern' [enabled by default]
../src/main.c:50:28: warning: variable 'test' declared 'inline' [enabled by default]
../src/main.c: In function 'APP_ChangeResolution':
../src/main.c:243:27: warning: multi-character character constant [-Wmultichar]
../src/main.c:244:5: warning: implicit declaration of function 'PrintExerciserReg' [-Wimplicit-function-declaration]
../src/main.c: In function 'main':
../src/main.c:326:4: warning: implicit declaration of function 'AXI_monitor_config' [-Wimplicit-function-declaration]
../src/main.c:325:5: warning: unused variable 'i' [-Wunused-variable]
Finished building: ../src/main.c
 
Building target: software_prj.elf
Invoking: ARM gcc linker
arm-xilinx-eabi-gcc -L"/nfs/TUEIEDAprojects/SystemDesign/work/ipxact/benjamin-bordes/DSE/3IP/SDK/SDK_Workspace/software_prj/lib" -L"/nfs/TUEIEDAprojects/SystemDesign/work/ipxact/benjamin-bordes/DSE/3IP/SDK/SDK_Workspace/standalone_bsp_0/ps7_cortexa9_0/lib" -Wl,-T -Wl,../src/lscript.ld -L../../standalone_bsp_0/ps7_cortexa9_0/lib -o "software_prj.elf"  ./src/AXI_Exerciser.o ./src/AXI_monitor.o ./src/axi_interrupt.o ./src/cf_hdmi.o ./src/hw_config.o ./src/img_filters.o ./src/main.o ./src/sw_functions.o ./src/transmitter.o  ./inc/xgray_scale.o ./inc/ximage_filter.o ./inc/xsobel_filter.o   -lHDMI_ZedBoardLib -Wl,--start-group,-lxil,-lgcc,-lc,--end-group
Finished building target: software_prj.elf
 
Invoking: ARM Print Size
arm-xilinx-eabi-size software_prj.elf  |tee "software_prj.elf.size"
   text	   data	    bss	    dec	    hex	filename
 155200	   3072	  34508	 192780	  2f10c	software_prj.elf
Finished building: software_prj.elf.size
 
17:45:57 **** Auto Build of configuration Debug for project software_prj ****
make all 
Building file: ../src/main.c
Invoking: ARM gcc compiler
arm-xilinx-eabi-gcc -Wall -O0 -g3 -I/home/ga46sam/zync_work/Performances/opencv_install -I"/nfs/TUEIEDAprojects/SystemDesign/work/ipxact/benjamin-bordes/DSE/3IP/SDK/SDK_Workspace/software_prj/inc" -c -fmessage-length=0 -I../../standalone_bsp_0/ps7_cortexa9_0/include -MMD -MP -MF"src/main.d" -MT"src/main.d" -o "src/main.o" "../src/main.c"
../src/main.c:38:13: warning: 'Ex_config' initialized and declared 'extern' [enabled by default]
../src/main.c:41:22: warning: 'HDMI_VIEW_ADDR' initialized and declared 'extern' [enabled by default]
../src/main.c:50:28: warning: variable 'test' declared 'inline' [enabled by default]
../src/main.c: In function 'APP_ChangeResolution':
../src/main.c:243:27: warning: multi-character character constant [-Wmultichar]
../src/main.c:244:5: warning: implicit declaration of function 'PrintExerciserReg' [-Wimplicit-function-declaration]
../src/main.c: In function 'main':
../src/main.c:326:4: warning: implicit declaration of function 'AXI_monitor_config' [-Wimplicit-function-declaration]
../src/main.c:325:5: warning: unused variable 'i' [-Wunused-variable]
Finished building: ../src/main.c
 
Building target: software_prj.elf
Invoking: ARM gcc linker
arm-xilinx-eabi-gcc -L"/nfs/TUEIEDAprojects/SystemDesign/work/ipxact/benjamin-bordes/DSE/3IP/SDK/SDK_Workspace/software_prj/lib" -L"/nfs/TUEIEDAprojects/SystemDesign/work/ipxact/benjamin-bordes/DSE/3IP/SDK/SDK_Workspace/standalone_bsp_0/ps7_cortexa9_0/lib" -Wl,-T -Wl,../src/lscript.ld -L../../standalone_bsp_0/ps7_cortexa9_0/lib -o "software_prj.elf"  ./src/AXI_Exerciser.o ./src/AXI_monitor.o ./src/axi_interrupt.o ./src/cf_hdmi.o ./src/hw_config.o ./src/img_filters.o ./src/main.o ./src/sw_functions.o ./src/transmitter.o  ./inc/xgray_scale.o ./inc/ximage_filter.o ./inc/xsobel_filter.o   -lHDMI_ZedBoardLib -Wl,--start-group,-lxil,-lgcc,-lc,--end-group
Finished building target: software_prj.elf
 
Invoking: ARM Print Size
arm-xilinx-eabi-size software_prj.elf  |tee "software_prj.elf.size"
   text	   data	    bss	    dec	    hex	filename
 155200	   3072	  34508	 192780	  2f10c	software_prj.elf
Finished building: software_prj.elf.size
 
08:44:15 **** Auto Build of project standalone_bsp_0 ****
make -k all 
Finished building libraries
08:44:17 **** Auto Build of project standalone_bsp_0 ****
make -k all 
Finished building libraries
08:46:47 **** Auto Build of configuration Debug for project software_prj ****
make all 
make: Nothing to be done for `all'.
08:47:50 **** Build of project standalone_bsp_0 ****
make -k all 
libgen -hw ../3IP_hw_platform/system.xml\
	       \
	       -pe ps7_cortexa9_0 \
	       -log libgen.log \
	       system.mss
libgen
Xilinx EDK 14.7 Build EDK_P.20131013
Copyright (c) 1995-2012 Xilinx, Inc.  All rights reserved.

Command Line: libgen -hw ../3IP_hw_platform/system.xml -pe ps7_cortexa9_0 -log
libgen.log system.mss 


Staging source files.
Running DRCs.
Running generate.
Running post_generate.
Running include - 'gmake -s include "COMPILER=arm-xilinx-eabi-gcc"
"ARCHIVER=arm-xilinx-eabi-ar" "COMPILER_FLAGS= -O2 -c"
"EXTRA_COMPILER_FLAGS=-g"'.

Running libs - 'gmake -s libs "COMPILER=arm-xilinx-eabi-gcc"
"ARCHIVER=arm-xilinx-eabi-ar" "COMPILER_FLAGS= -O2 -c"
"EXTRA_COMPILER_FLAGS=-g"'.
Compiling common
arm-xilinx-eabi-ar: creating ../../../lib/libxil.a
Compiling standalone
Compiling axidma
Compiling iic
Compiling axipmon
Compiling axivdma
Compiling devcfg
Compiling dmaps
Compiling emacps
Compiling gpiops
Compiling iicps
Compiling qspips
Compiling scugic
Compiling scutimer
Compiling scuwdt
Compiling ttcps
Compiling uartps
Compiling usbps
Compiling xadcps
Compiling cpu_cortexa9
Running execs_generate.
Finished building libraries
08:48:28 **** Auto Build of configuration Debug for project software_prj ****
make all 
make: Nothing to be done for `all'.
08:49:08 **** Incremental Build of configuration Debug for project software_prj ****
make all 
make: Nothing to be done for `all'.
08:52:37 **** Auto Build of configuration Debug for project software_prj ****
make all 
Building file: ../src/AXI_monitor.c
Invoking: ARM gcc compiler
arm-xilinx-eabi-gcc -Wall -O0 -g3 -I/home/ga46sam/zync_work/Performances/opencv_install -I"/nfs/TUEIEDAprojects/SystemDesign/work/ipxact/benjamin-bordes/DSE/3IP/SDK/SDK_Workspace/software_prj/inc" -c -fmessage-length=0 -I../../standalone_bsp_0/ps7_cortexa9_0/include -MMD -MP -MF"src/AXI_monitor.d" -MT"src/AXI_monitor.d" -o "src/AXI_monitor.o" "../src/AXI_monitor.c"
../src/AXI_monitor.c: In function 'AXI_monitor_config':
../src/AXI_monitor.c:10:1: warning: implicit declaration of function 'printf' [-Wimplicit-function-declaration]
../src/AXI_monitor.c:10:1: warning: incompatible implicit declaration of built-in function 'printf' [enabled by default]
../src/AXI_monitor.c:11:1: warning: implicit declaration of function 'Xil_Out32' [-Wimplicit-function-declaration]
../src/AXI_monitor.c: In function 'AXI_monitor_result':
../src/AXI_monitor.c:47:3: warning: incompatible implicit declaration of built-in function 'printf' [enabled by default]
../src/AXI_monitor.c:48:3: warning: implicit declaration of function 'Xil_In32' [-Wimplicit-function-declaration]
../src/AXI_monitor.c:64:1: warning: implicit declaration of function 'xil_printf' [-Wimplicit-function-declaration]
Finished building: ../src/AXI_monitor.c
 
Building target: software_prj.elf
Invoking: ARM gcc linker
arm-xilinx-eabi-gcc -L"/nfs/TUEIEDAprojects/SystemDesign/work/ipxact/benjamin-bordes/DSE/3IP/SDK/SDK_Workspace/software_prj/lib" -L"/nfs/TUEIEDAprojects/SystemDesign/work/ipxact/benjamin-bordes/DSE/3IP/SDK/SDK_Workspace/standalone_bsp_0/ps7_cortexa9_0/lib" -Wl,-T -Wl,../src/lscript.ld -L../../standalone_bsp_0/ps7_cortexa9_0/lib -o "software_prj.elf"  ./src/AXI_Exerciser.o ./src/AXI_monitor.o ./src/axi_interrupt.o ./src/cf_hdmi.o ./src/hw_config.o ./src/img_filters.o ./src/main.o ./src/sw_functions.o ./src/transmitter.o  ./inc/xgray_scale.o ./inc/ximage_filter.o ./inc/xsobel_filter.o   -lHDMI_ZedBoardLib -Wl,--start-group,-lxil,-lgcc,-lc,--end-group
Finished building target: software_prj.elf
 
Invoking: ARM Print Size
arm-xilinx-eabi-size software_prj.elf  |tee "software_prj.elf.size"
   text	   data	    bss	    dec	    hex	filename
 155152	   3072	  34508	 192732	  2f0dc	software_prj.elf
Finished building: software_prj.elf.size
 
08:57:19 **** Auto Build of configuration Debug for project software_prj ****
make all 
Building file: ../src/AXI_monitor.c
Invoking: ARM gcc compiler
arm-xilinx-eabi-gcc -Wall -O0 -g3 -I/home/ga46sam/zync_work/Performances/opencv_install -I"/nfs/TUEIEDAprojects/SystemDesign/work/ipxact/benjamin-bordes/DSE/3IP/SDK/SDK_Workspace/software_prj/inc" -c -fmessage-length=0 -I../../standalone_bsp_0/ps7_cortexa9_0/include -MMD -MP -MF"src/AXI_monitor.d" -MT"src/AXI_monitor.d" -o "src/AXI_monitor.o" "../src/AXI_monitor.c"
../src/AXI_monitor.c: In function 'AXI_monitor_config':
../src/AXI_monitor.c:10:1: warning: implicit declaration of function 'printf' [-Wimplicit-function-declaration]
Finished building: ../src/AXI_monitor.c
../src/AXI_monitor.c:10:1: warning: incompatible implicit declaration of built-in function 'printf' [enabled by default]
 
../src/AXI_monitor.c:11:1: warning: implicit declaration of function 'Xil_Out32' [-Wimplicit-function-declaration]
Building target: software_prj.elf
../src/AXI_monitor.c: In function 'AXI_monitor_result':
Invoking: ARM gcc linker
arm-xilinx-eabi-gcc -L"/nfs/TUEIEDAprojects/SystemDesign/work/ipxact/benjamin-bordes/DSE/3IP/SDK/SDK_Workspace/software_prj/lib" -L"/nfs/TUEIEDAprojects/SystemDesign/work/ipxact/benjamin-bordes/DSE/3IP/SDK/SDK_Workspace/standalone_bsp_0/ps7_cortexa9_0/lib" -Wl,-T -Wl,../src/lscript.ld -L../../standalone_bsp_0/ps7_cortexa9_0/lib -o "software_prj.elf"  ./src/AXI_Exerciser.o ./src/AXI_monitor.o ./src/axi_interrupt.o ./src/cf_hdmi.o ./src/hw_config.o ./src/img_filters.o ./src/main.o ./src/sw_functions.o ./src/transmitter.o  ./inc/xgray_scale.o ./inc/ximage_filter.o ./inc/xsobel_filter.o   -lHDMI_ZedBoardLib -Wl,--start-group,-lxil,-lgcc,-lc,--end-group
../src/AXI_monitor.c:47:3: warning: incompatible implicit declaration of built-in function 'printf' [enabled by default]
../src/AXI_monitor.c:48:3: warning: implicit declaration of function 'Xil_In32' [-Wimplicit-function-declaration]
[...]
Building file: ../src/axi_interrupt.c
../src/AXI_monitor.c:19:1: warning: implicit declaration of function 'Xil_Out32' [-Wimplicit-function-declaration]
Invoking: ARM gcc compiler
../src/AXI_monitor.c: In function 'PerfResult':
arm-xilinx-eabi-gcc -Wall -O0 -g3 -I/home/ga46sam/zync_work/Performances/opencv_install -I"/nfs/TUEIEDAprojects/SystemDesign/work/ipxact/benjamin-bordes/DSE/3IP_/3IP/SDK/SDK_Workspace/software_prj/inc" -c -fmessage-length=0 -I../../standalone_bsp_0/ps7_cortexa9_0/include -MMD -MP -MF"src/axi_interrupt.d" -MT"src/axi_interrupt.d" -o "src/axi_interrupt.o" "../src/axi_interrupt.c"
../src/AXI_monitor.c:56:3: warning: incompatible implicit declaration of built-in function 'printf' [enabled by default]
Finished building: ../src/axi_interrupt.c
 
Building file: ../src/cf_hdmi.c
Invoking: ARM gcc compiler
arm-xilinx-eabi-gcc -Wall -O0 -g3 -I/home/ga46sam/zync_work/Performances/opencv_install -I"/nfs/TUEIEDAprojects/SystemDesign/work/ipxact/benjamin-bordes/DSE/3IP_/3IP/SDK/SDK_Workspace/software_prj/inc" -c -fmessage-length=0 -I../../standalone_bsp_0/ps7_cortexa9_0/include -MMD -MP -MF"src/cf_hdmi.d" -MT"src/cf_hdmi.d" -o "src/cf_hdmi.o" "../src/cf_hdmi.c"
../src/AXI_monitor.c:57:3: warning: implicit declaration of function 'Xil_In32' [-Wimplicit-function-declaration]
../src/AXI_monitor.c:73:1: warning: implicit declaration of function 'xil_printf' [-Wimplicit-function-declaration]
../src/AXI_monitor.c: In function 'AVRGPerfResult':
../src/AXI_monitor.c:117:7: warning: incompatible implicit declaration of built-in function 'printf' [enabled by default]
../src/AXI_monitor.c:126:1: warning: control reaches end of non-void function [-Wreturn-type]
Finished building: ../src/cf_hdmi.c
 
Building file: ../src/hw_config.c
Invoking: ARM gcc compiler
arm-xilinx-eabi-gcc -Wall -O0 -g3 -I/home/ga46sam/zync_work/Performances/opencv_install -I"/nfs/TUEIEDAprojects/SystemDesign/work/ipxact/benjamin-bordes/DSE/3IP_/3IP/SDK/SDK_Workspace/software_prj/inc" -c -fmessage-length=0 -I../../standalone_bsp_0/ps7_cortexa9_0/include -MMD -MP -MF"src/hw_config.d" -MT"src/hw_config.d" -o "src/hw_config.o" "../src/hw_config.c"
Finished building: ../src/hw_config.c
 
Building file: ../src/img_filters.c
Invoking: ARM gcc compiler
arm-xilinx-eabi-gcc -Wall -O0 -g3 -I/home/ga46sam/zync_work/Performances/opencv_install -I"/nfs/TUEIEDAprojects/SystemDesign/work/ipxact/benjamin-bordes/DSE/3IP_/3IP/SDK/SDK_Workspace/software_prj/inc" -c -fmessage-length=0 -I../../standalone_bsp_0/ps7_cortexa9_0/include -MMD -MP -MF"src/img_filters.d" -MT"src/img_filters.d" -o "src/img_filters.o" "../src/img_filters.c"
Finished building: ../src/img_filters.c
 
Building file: ../src/main.c
Invoking: ARM gcc compiler
arm-xilinx-eabi-gcc -Wall -O0 -g3 -I/home/ga46sam/zync_work/Performances/opencv_install -I"/nfs/TUEIEDAprojects/SystemDesign/work/ipxact/benjamin-bordes/DSE/3IP_/3IP/SDK/SDK_Workspace/software_prj/inc" -c -fmessage-length=0 -I../../standalone_bsp_0/ps7_cortexa9_0/include -MMD -MP -MF"src/main.d" -MT"src/main.d" -o "src/main.o" "../src/main.c"
../src/main.c:38:13: warning: 'Ex_config' initialized and declared 'extern' [enabled by default]
../src/main.c:41:22: warning: 'HDMI_VIEW_ADDR' initialized and declared 'extern' [enabled by default]
../src/main.c:50:28: warning: variable 'test' declared 'inline' [enabled by default]
../src/main.c: In function 'main':
../src/main.c:252:4: warning: implicit declaration of function 'AXI_monitor_config' [-Wimplicit-function-declaration]
../src/main.c:355:7: warning: implicit declaration of function 'PerfResult' [-Wimplicit-function-declaration]
../src/main.c:250:5: warning: unused variable 'i' [-Wunused-variable]
../src/main.c: At top level:
../src/main.c:50:28: warning: 'test' defined but not used [-Wunused-variable]
Finished building: ../src/main.c
 
Building file: ../src/sw_functions.c
Invoking: ARM gcc compiler
arm-xilinx-eabi-gcc -Wall -O0 -g3 -I/home/ga46sam/zync_work/Performances/opencv_install -I"/nfs/TUEIEDAprojects/SystemDesign/work/ipxact/benjamin-bordes/DSE/3IP_/3IP/SDK/SDK_Workspace/software_prj/inc" -c -fmessage-length=0 -I../../standalone_bsp_0/ps7_cortexa9_0/include -MMD -MP -MF"src/sw_functions.d" -MT"src/sw_functions.d" -o "src/sw_functions.o" "../src/sw_functions.c"
../src/sw_functions.c: In function 'ConvToGray':
../src/sw_functions.c:28:16: warning: unused variable 'VH_offset' [-Wunused-variable]
Finished building: ../src/sw_functions.c
 
Building file: ../src/transmitter.c
Invoking: ARM gcc compiler
arm-xilinx-eabi-gcc -Wall -O0 -g3 -I/home/ga46sam/zync_work/Performances/opencv_install -I"/nfs/TUEIEDAprojects/SystemDesign/work/ipxact/benjamin-bordes/DSE/3IP_/3IP/SDK/SDK_Workspace/software_prj/inc" -c -fmessage-length=0 -I../../standalone_bsp_0/ps7_cortexa9_0/include -MMD -MP -MF"src/transmitter.d" -MT"src/transmitter.d" -o "src/transmitter.o" "../src/transmitter.c"
Finished building: ../src/transmitter.c
 
Building file: ../inc/xgray_scale.c
Invoking: ARM gcc compiler
arm-xilinx-eabi-gcc -Wall -O0 -g3 -I/home/ga46sam/zync_work/Performances/opencv_install -I"/nfs/TUEIEDAprojects/SystemDesign/work/ipxact/benjamin-bordes/DSE/3IP_/3IP/SDK/SDK_Workspace/software_prj/inc" -c -fmessage-length=0 -I../../standalone_bsp_0/ps7_cortexa9_0/include -MMD -MP -MF"inc/xgray_scale.d" -MT"inc/xgray_scale.d" -o "inc/xgray_scale.o" "../inc/xgray_scale.c"
Finished building: ../inc/xgray_scale.c
 
Building file: ../inc/ximage_filter.c
Invoking: ARM gcc compiler
arm-xilinx-eabi-gcc -Wall -O0 -g3 -I/home/ga46sam/zync_work/Performances/opencv_install -I"/nfs/TUEIEDAprojects/SystemDesign/work/ipxact/benjamin-bordes/DSE/3IP_/3IP/SDK/SDK_Workspace/software_prj/inc" -c -fmessage-length=0 -I../../standalone_bsp_0/ps7_cortexa9_0/include -MMD -MP -MF"inc/ximage_filter.d" -MT"inc/ximage_filter.d" -o "inc/ximage_filter.o" "../inc/ximage_filter.c"
Finished building: ../inc/ximage_filter.c
 
Building file: ../inc/xsobel_filter.c
Invoking: ARM gcc compiler
arm-xilinx-eabi-gcc -Wall -O0 -g3 -I/home/ga46sam/zync_work/Performances/opencv_install -I"/nfs/TUEIEDAprojects/SystemDesign/work/ipxact/benjamin-bordes/DSE/3IP_/3IP/SDK/SDK_Workspace/software_prj/inc" -c -fmessage-length=0 -I../../standalone_bsp_0/ps7_cortexa9_0/include -MMD -MP -MF"inc/xsobel_filter.d" -MT"inc/xsobel_filter.d" -o "inc/xsobel_filter.o" "../inc/xsobel_filter.c"
Finished building: ../inc/xsobel_filter.c
 
Building target: software_prj.elf
Invoking: ARM gcc linker
arm-xilinx-eabi-gcc -L"/nfs/TUEIEDAprojects/SystemDesign/work/ipxact/benjamin-bordes/DSE/3IP_/3IP/SDK/SDK_Workspace/software_prj/lib" -L"/nfs/TUEIEDAprojects/SystemDesign/work/ipxact/benjamin-bordes/DSE/3IP_/3IP/SDK/SDK_Workspace/standalone_bsp_0/ps7_cortexa9_0/lib" -Wl,-T -Wl,../src/lscript.ld -L../../standalone_bsp_0/ps7_cortexa9_0/lib -o "software_prj.elf"  ./src/AXI_Exerciser.o ./src/AXI_monitor.o ./src/axi_interrupt.o ./src/cf_hdmi.o ./src/hw_config.o ./src/img_filters.o ./src/main.o ./src/sw_functions.o ./src/transmitter.o  ./inc/xgray_scale.o ./inc/ximage_filter.o ./inc/xsobel_filter.o   -lHDMI_ZedBoardLib -Wl,--start-group,-lxil,-lgcc,-lc,--end-group
Finished building target: software_prj.elf
 
Invoking: ARM Print Size
arm-xilinx-eabi-size software_prj.elf  |tee "software_prj.elf.size"
   text	   data	    bss	    dec	    hex	filename
 155672	   3072	  34540	 193284	  2f304	software_prj.elf
Finished building: software_prj.elf.size
 
15:15:16 **** Incremental Build of configuration Debug for project software_prj ****
make all 
make: Nothing to be done for `all'.
15:15:26 **** Auto Build of configuration Debug for project software_prj ****
make all 
Building file: ../src/main.c
Invoking: ARM gcc compiler
arm-xilinx-eabi-gcc -Wall -O0 -g3 -I/home/ga46sam/zync_work/Performances/opencv_install -I"/nfs/TUEIEDAprojects/SystemDesign/work/ipxact/benjamin-bordes/DSE/3IP_/3IP/SDK/SDK_Workspace/software_prj/inc" -c -fmessage-length=0 -I../../standalone_bsp_0/ps7_cortexa9_0/include -MMD -MP -MF"src/main.d" -MT"src/main.d" -o "src/main.o" "../src/main.c"
../src/main.c:38:13: warning: 'Ex_config' initialized and declared 'extern' [enabled by default]
../src/main.c:41:22: warning: 'HDMI_VIEW_ADDR' initialized and declared 'extern' [enabled by default]
../src/main.c:50:28: warning: variable 'test' declared 'inline' [enabled by default]
../src/main.c: In function 'main':
../src/main.c:252:4: warning: implicit declaration of function 'AXI_monitor_config' [-Wimplicit-function-declaration]
../src/main.c:355:7: warning: implicit declaration of function 'PerfResult' [-Wimplicit-function-declaration]
../src/main.c:250:5: warning: unused variable 'i' [-Wunused-variable]
../src/main.c: At top level:
../src/main.c:50:28: warning: 'test' defined but not used [-Wunused-variable]
Finished building: ../src/main.c
 
Building target: software_prj.elf
Invoking: ARM gcc linker
arm-xilinx-eabi-gcc -L"/nfs/TUEIEDAprojects/SystemDesign/work/ipxact/benjamin-bordes/DSE/3IP_/3IP/SDK/SDK_Workspace/software_prj/lib" -L"/nfs/TUEIEDAprojects/SystemDesign/work/ipxact/benjamin-bordes/DSE/3IP_/3IP/SDK/SDK_Workspace/standalone_bsp_0/ps7_cortexa9_0/lib" -Wl,-T -Wl,../src/lscript.ld -L../../standalone_bsp_0/ps7_cortexa9_0/lib -o "software_prj.elf"  ./src/AXI_Exerciser.o ./src/AXI_monitor.o ./src/axi_interrupt.o ./src/cf_hdmi.o ./src/hw_config.o ./src/img_filters.o ./src/main.o ./src/sw_functions.o ./src/transmitter.o  ./inc/xgray_scale.o ./inc/ximage_filter.o ./inc/xsobel_filter.o   -lHDMI_ZedBoardLib -Wl,--start-group,-lxil,-lgcc,-lc,--end-group
Finished building target: software_prj.elf
 
Invoking: ARM Print Size
arm-xilinx-eabi-size software_prj.elf  |tee "software_prj.elf.size"
   text	   data	    bss	    dec	    hex	filename
 155672	   3072	  34540	 193284	  2f304	software_prj.elf
Finished building: software_prj.elf.size
 
15:15:32 **** Incremental Build of configuration Debug for project software_prj ****
make all 
make: Nothing to be done for `all'.
15:16:34 **** Incremental Build of configuration Debug for project software_prj ****
make all 
make: Nothing to be done for `all'.
15:16:51 **** Auto Build of configuration Debug for project software_prj ****
make all 
Building file: ../src/main.c
Invoking: ARM gcc compiler
arm-xilinx-eabi-gcc -Wall -O0 -g3 -I/home/ga46sam/zync_work/Performances/opencv_install -I"/nfs/TUEIEDAprojects/SystemDesign/work/ipxact/benjamin-bordes/DSE/3IP_/3IP/SDK/SDK_Workspace/software_prj/inc" -c -fmessage-length=0 -I../../standalone_bsp_0/ps7_cortexa9_0/include -MMD -MP -MF"src/main.d" -MT"src/main.d" -o "src/main.o" "../src/main.c"
../src/main.c:38:13: warning: 'Ex_config' initialized and declared 'extern' [enabled by default]
../src/main.c:41:22: warning: 'HDMI_VIEW_ADDR' initialized and declared 'extern' [enabled by default]
../src/main.c:50:28: warning: variable 'test' declared 'inline' [enabled by default]
../src/main.c: In function 'main':
../src/main.c:252:4: warning: implicit declaration of function 'AXI_monitor_config' [-Wimplicit-function-declaration]
../src/main.c:355:7: warning: implicit declaration of function 'PerfResult' [-Wimplicit-function-declaration]
../src/main.c:250:5: warning: unused variable 'i' [-Wunused-variable]
../src/main.c: At top level:
../src/main.c:50:28: warning: 'test' defined but not used [-Wunused-variable]
Finished building: ../src/main.c
 
Building target: software_prj.elf
Invoking: ARM gcc linker
arm-xilinx-eabi-gcc -L"/nfs/TUEIEDAprojects/SystemDesign/work/ipxact/benjamin-bordes/DSE/3IP_/3IP/SDK/SDK_Workspace/software_prj/lib" -L"/nfs/TUEIEDAprojects/SystemDesign/work/ipxact/benjamin-bordes/DSE/3IP_/3IP/SDK/SDK_Workspace/standalone_bsp_0/ps7_cortexa9_0/lib" -Wl,-T -Wl,../src/lscript.ld -L../../standalone_bsp_0/ps7_cortexa9_0/lib -o "software_prj.elf"  ./src/AXI_Exerciser.o ./src/AXI_monitor.o ./src/axi_interrupt.o ./src/cf_hdmi.o ./src/hw_config.o ./src/img_filters.o ./src/main.o ./src/sw_functions.o ./src/transmitter.o  ./inc/xgray_scale.o ./inc/ximage_filter.o ./inc/xsobel_filter.o   -lHDMI_ZedBoardLib -Wl,--start-group,-lxil,-lgcc,-lc,--end-group
Finished building target: software_prj.elf
 
Invoking: ARM Print Size
arm-xilinx-eabi-size software_prj.elf  |tee "software_prj.elf.size"
   text	   data	    bss	    dec	    hex	filename
 155672	   3072	  34540	 193284	  2f304	software_prj.elf
Finished building: software_prj.elf.size
 
15:26:04 **** Incremental Build of configuration Debug for project software_prj ****
make all 
make: Nothing to be done for `all'.
15:26:37 **** Auto Build of configuration Debug for project software_prj ****
make all 
Building file: ../src/main.c
Invoking: ARM gcc compiler
arm-xilinx-eabi-gcc -Wall -O0 -g3 -I/home/ga46sam/zync_work/Performances/opencv_install -I"/nfs/TUEIEDAprojects/SystemDesign/work/ipxact/benjamin-bordes/DSE/3IP_/3IP/SDK/SDK_Workspace/software_prj/inc" -c -fmessage-length=0 -I../../standalone_bsp_0/ps7_cortexa9_0/include -MMD -MP -MF"src/main.d" -MT"src/main.d" -o "src/main.o" "../src/main.c"
../src/main.c:38:13: warning: 'Ex_config' initialized and declared 'extern' [enabled by default]
../src/main.c:41:22: warning: 'HDMI_VIEW_ADDR' initialized and declared 'extern' [enabled by default]
../src/main.c:50:28: warning: variable 'test' declared 'inline' [enabled by default]
../src/main.c: In function 'main':
../src/main.c:252:4: warning: implicit declaration of function 'AXI_monitor_config' [-Wimplicit-function-declaration]
../src/main.c:356:4: warning: implicit declaration of function 'AVRGPerfResult' [-Wimplicit-function-declaration]
../src/main.c:250:5: warning: unused variable 'i' [-Wunused-variable]
../src/main.c: At top level:
../src/main.c:50:28: warning: 'test' defined but not used [-Wunused-variable]
Finished building: ../src/main.c
 
Building target: software_prj.elf
Invoking: ARM gcc linker
arm-xilinx-eabi-gcc -L"/nfs/TUEIEDAprojects/SystemDesign/work/ipxact/benjamin-bordes/DSE/3IP_/3IP/SDK/SDK_Workspace/software_prj/lib" -L"/nfs/TUEIEDAprojects/SystemDesign/work/ipxact/benjamin-bordes/DSE/3IP_/3IP/SDK/SDK_Workspace/standalone_bsp_0/ps7_cortexa9_0/lib" -Wl,-T -Wl,../src/lscript.ld -L../../standalone_bsp_0/ps7_cortexa9_0/lib -o "software_prj.elf"  ./src/AXI_Exerciser.o ./src/AXI_monitor.o ./src/axi_interrupt.o ./src/cf_hdmi.o ./src/hw_config.o ./src/img_filters.o ./src/main.o ./src/sw_functions.o ./src/transmitter.o  ./inc/xgray_scale.o ./inc/ximage_filter.o ./inc/xsobel_filter.o   -lHDMI_ZedBoardLib -Wl,--start-group,-lxil,-lgcc,-lc,--end-group
Finished building target: software_prj.elf
 
Invoking: ARM Print Size
arm-xilinx-eabi-size software_prj.elf  |tee "software_prj.elf.size"
   text	   data	    bss	    dec	    hex	filename
 155672	   3072	  34540	 193284	  2f304	software_prj.elf
Finished building: software_prj.elf.size
 
15:26:42 **** Incremental Build of configuration Debug for project software_prj ****
make all 
make: Nothing to be done for `all'.
15:28:35 **** Auto Build of configuration Debug for project software_prj ****
make all 
Building file: ../src/main.c
Invoking: ARM gcc compiler
arm-xilinx-eabi-gcc -Wall -O0 -g3 -I/home/ga46sam/zync_work/Performances/opencv_install -I"/nfs/TUEIEDAprojects/SystemDesign/work/ipxact/benjamin-bordes/DSE/3IP_/3IP/SDK/SDK_Workspace/software_prj/inc" -c -fmessage-length=0 -I../../standalone_bsp_0/ps7_cortexa9_0/include -MMD -MP -MF"src/main.d" -MT"src/main.d" -o "src/main.o" "../src/main.c"
../src/main.c:38:13: warning: 'Ex_config' initialized and declared 'extern' [enabled by default]
../src/main.c:41:22: warning: 'HDMI_VIEW_ADDR' initialized and declared 'extern' [enabled by default]
../src/main.c:50:28: warning: variable 'test' declared 'inline' [enabled by default]
../src/main.c: In function 'main':
../src/main.c:252:4: warning: implicit declaration of function 'AXI_monitor_config' [-Wimplicit-function-declaration]
../src/main.c:355:7: warning: implicit declaration of function 'PerfResult' [-Wimplicit-function-declaration]
../src/main.c:250:5: warning: unused variable 'i' [-Wunused-variable]
../src/main.c: At top level:
../src/main.c:50:28: warning: 'test' defined but not used [-Wunused-variable]
Finished building: ../src/main.c
 
Building target: software_prj.elf
Invoking: ARM gcc linker
arm-xilinx-eabi-gcc -L"/nfs/TUEIEDAprojects/SystemDesign/work/ipxact/benjamin-bordes/DSE/3IP_/3IP/SDK/SDK_Workspace/software_prj/lib" -L"/nfs/TUEIEDAprojects/SystemDesign/work/ipxact/benjamin-bordes/DSE/3IP_/3IP/SDK/SDK_Workspace/standalone_bsp_0/ps7_cortexa9_0/lib" -Wl,-T -Wl,../src/lscript.ld -L../../standalone_bsp_0/ps7_cortexa9_0/lib -o "software_prj.elf"  ./src/AXI_Exerciser.o ./src/AXI_monitor.o ./src/axi_interrupt.o ./src/cf_hdmi.o ./src/hw_config.o ./src/img_filters.o ./src/main.o ./src/sw_functions.o ./src/transmitter.o  ./inc/xgray_scale.o ./inc/ximage_filter.o ./inc/xsobel_filter.o   -lHDMI_ZedBoardLib -Wl,--start-group,-lxil,-lgcc,-lc,--end-group
Finished building target: software_prj.elf
 
Invoking: ARM Print Size
arm-xilinx-eabi-size software_prj.elf  |tee "software_prj.elf.size"
   text	   data	    bss	    dec	    hex	filename
 155600	   3072	  34540	 193212	  2f2bc	software_prj.elf
Finished building: software_prj.elf.size
 
17:32:19 **** Auto Build of configuration Debug for project software_prj ****
make all 
Building file: ../src/main.c
Invoking: ARM gcc compiler
arm-xilinx-eabi-gcc -Wall -O0 -g3 -I/home/ga46sam/zync_work/Performances/opencv_install -I"/nfs/TUEIEDAprojects/SystemDesign/work/ipxact/benjamin-bordes/DSE/3IP_/3IP/SDK2/SDK_Workspace/software_prj/inc" -c -fmessage-length=0 -I../../standalone_bsp_0/ps7_cortexa9_0/include -MMD -MP -MF"src/main.d" -MT"src/main.d" -o "src/main.o" "../src/main.c"
../src/main.c:38:13: warning: 'Ex_config' initialized and declared 'extern' [enabled by default]
../src/main.c:41:22: warning: 'HDMI_VIEW_ADDR' initialized and declared 'extern' [enabled by default]
../src/main.c:50:28: warning: variable 'test' declared 'inline' [enabled by default]
../src/main.c: In function 'main':
../src/main.c:252:4: warning: implicit declaration of function 'AXI_monitor_config' [-Wimplicit-function-declaration]
../src/main.c:355:7: warning: implicit declaration of function 'PerfResult' [-Wimplicit-function-declaration]
../src/main.c:250:5: warning: unused variable 'i' [-Wunused-variable]
../src/main.c: At top level:
../src/main.c:50:28: warning: 'test' defined but not used [-Wunused-variable]
Finished building: ../src/main.c
 
Building target: software_prj.elf
Invoking: ARM gcc linker
arm-xilinx-eabi-gcc -L"/nfs/TUEIEDAprojects/SystemDesign/work/ipxact/benjamin-bordes/DSE/3IP_/3IP/SDK2/SDK_Workspace/software_prj/lib" -L"/nfs/TUEIEDAprojects/SystemDesign/work/ipxact/benjamin-bordes/DSE/3IP_/3IP/SDK2/SDK_Workspace/standalone_bsp_0/ps7_cortexa9_0/lib" -Wl,-T -Wl,../src/lscript.ld -L../../standalone_bsp_0/ps7_cortexa9_0/lib -o "software_prj.elf"  ./src/AXI_Exerciser.o ./src/AXI_monitor.o ./src/axi_interrupt.o ./src/cf_hdmi.o ./src/hw_config.o ./src/img_filters.o ./src/main.o ./src/sw_functions.o ./src/transmitter.o  ./inc/xgray_scale.o ./inc/ximage_filter.o ./inc/xsobel_filter.o   -lHDMI_ZedBoardLib -Wl,--start-group,-lxil,-lgcc,-lc,--end-group
Finished building target: software_prj.elf
 
Invoking: ARM Print Size
arm-xilinx-eabi-size software_prj.elf  |tee "software_prj.elf.size"
   text	   data	    bss	    dec	    hex	filename
 155576	   3072	  34540	 193188	  2f2a4	software_prj.elf
Finished building: software_prj.elf.size
 
17:32:34 **** Incremental Build of configuration Debug for project software_prj ****
make all 
make: Nothing to be done for `all'.
17:32:35 **** Incremental Build of configuration Debug for project software_prj ****
make all 
make: Nothing to be done for `all'.
17:33:09 **** Incremental Build of configuration Debug for project software_prj ****
make all 
make: Nothing to be done for `all'.
14:42:43 **** Incremental Build of configuration Debug for project software_prj ****
make all 
make: Nothing to be done for `all'.
